Archive member included because of file (symbol)

e:/d_backup/tech/arduino-1.0.1-windows/arduino-1.0.1/hardware/tools/avr/bin/../lib/gcc/avr/4.3.2/../../../../avr/lib/avr6\libc.a(exit.o)
                              e:/d_backup/tech/arduino-1.0.1-windows/arduino-1.0.1/hardware/tools/avr/bin/../lib/gcc/avr/4.3.2/../../../../avr/lib/avr6/crtm2560.o (exit)
e:/d_backup/tech/arduino-1.0.1-windows/arduino-1.0.1/hardware/tools/avr/bin/../lib/gcc/avr/4.3.2/../../../../avr/lib/avr6\libc.a(addsf3.o)
                              ./main.o (__subsf3)
e:/d_backup/tech/arduino-1.0.1-windows/arduino-1.0.1/hardware/tools/avr/bin/../lib/gcc/avr/4.3.2/../../../../avr/lib/avr6\libc.a(addsf3x.o)
                              e:/d_backup/tech/arduino-1.0.1-windows/arduino-1.0.1/hardware/tools/avr/bin/../lib/gcc/avr/4.3.2/../../../../avr/lib/avr6\libc.a(addsf3.o) (__addsf3x)
e:/d_backup/tech/arduino-1.0.1-windows/arduino-1.0.1/hardware/tools/avr/bin/../lib/gcc/avr/4.3.2/../../../../avr/lib/avr6\libc.a(ceil.o)
                              ./main.o (ceil)
e:/d_backup/tech/arduino-1.0.1-windows/arduino-1.0.1/hardware/tools/avr/bin/../lib/gcc/avr/4.3.2/../../../../avr/lib/avr6\libc.a(cmpsf2.o)
                              ./FuzzySystem/FuzzySystem.o (__nesf2)
e:/d_backup/tech/arduino-1.0.1-windows/arduino-1.0.1/hardware/tools/avr/bin/../lib/gcc/avr/4.3.2/../../../../avr/lib/avr6\libc.a(divsf3.o)
                              ./main.o (__divsf3)
e:/d_backup/tech/arduino-1.0.1-windows/arduino-1.0.1/hardware/tools/avr/bin/../lib/gcc/avr/4.3.2/../../../../avr/lib/avr6\libc.a(divsf3x.o)
                              e:/d_backup/tech/arduino-1.0.1-windows/arduino-1.0.1/hardware/tools/avr/bin/../lib/gcc/avr/4.3.2/../../../../avr/lib/avr6\libc.a(divsf3.o) (__divsf3x)
e:/d_backup/tech/arduino-1.0.1-windows/arduino-1.0.1/hardware/tools/avr/bin/../lib/gcc/avr/4.3.2/../../../../avr/lib/avr6\libc.a(fixsfsi.o)
                              ./main.o (__fixsfsi)
e:/d_backup/tech/arduino-1.0.1-windows/arduino-1.0.1/hardware/tools/avr/bin/../lib/gcc/avr/4.3.2/../../../../avr/lib/avr6\libc.a(fixunssfsi.o)
                              e:/d_backup/tech/arduino-1.0.1-windows/arduino-1.0.1/hardware/tools/avr/bin/../lib/gcc/avr/4.3.2/../../../../avr/lib/avr6\libc.a(fixsfsi.o) (__fixunssfsi)
e:/d_backup/tech/arduino-1.0.1-windows/arduino-1.0.1/hardware/tools/avr/bin/../lib/gcc/avr/4.3.2/../../../../avr/lib/avr6\libc.a(floatsisf.o)
                              ./main.o (__floatsisf)
e:/d_backup/tech/arduino-1.0.1-windows/arduino-1.0.1/hardware/tools/avr/bin/../lib/gcc/avr/4.3.2/../../../../avr/lib/avr6\libc.a(fp_cmp.o)
                              e:/d_backup/tech/arduino-1.0.1-windows/arduino-1.0.1/hardware/tools/avr/bin/../lib/gcc/avr/4.3.2/../../../../avr/lib/avr6\libc.a(cmpsf2.o) (__fp_cmp)
e:/d_backup/tech/arduino-1.0.1-windows/arduino-1.0.1/hardware/tools/avr/bin/../lib/gcc/avr/4.3.2/../../../../avr/lib/avr6\libc.a(fp_inf.o)
                              e:/d_backup/tech/arduino-1.0.1-windows/arduino-1.0.1/hardware/tools/avr/bin/../lib/gcc/avr/4.3.2/../../../../avr/lib/avr6\libc.a(addsf3x.o) (__fp_inf)
e:/d_backup/tech/arduino-1.0.1-windows/arduino-1.0.1/hardware/tools/avr/bin/../lib/gcc/avr/4.3.2/../../../../avr/lib/avr6\libc.a(fp_mintl.o)
                              e:/d_backup/tech/arduino-1.0.1-windows/arduino-1.0.1/hardware/tools/avr/bin/../lib/gcc/avr/4.3.2/../../../../avr/lib/avr6\libc.a(ceil.o) (__fp_mintl)
e:/d_backup/tech/arduino-1.0.1-windows/arduino-1.0.1/hardware/tools/avr/bin/../lib/gcc/avr/4.3.2/../../../../avr/lib/avr6\libc.a(fp_mpack.o)
                              e:/d_backup/tech/arduino-1.0.1-windows/arduino-1.0.1/hardware/tools/avr/bin/../lib/gcc/avr/4.3.2/../../../../avr/lib/avr6\libc.a(ceil.o) (__fp_mpack)
e:/d_backup/tech/arduino-1.0.1-windows/arduino-1.0.1/hardware/tools/avr/bin/../lib/gcc/avr/4.3.2/../../../../avr/lib/avr6\libc.a(fp_nan.o)
                              e:/d_backup/tech/arduino-1.0.1-windows/arduino-1.0.1/hardware/tools/avr/bin/../lib/gcc/avr/4.3.2/../../../../avr/lib/avr6\libc.a(addsf3x.o) (__fp_nan)
e:/d_backup/tech/arduino-1.0.1-windows/arduino-1.0.1/hardware/tools/avr/bin/../lib/gcc/avr/4.3.2/../../../../avr/lib/avr6\libc.a(fp_pscA.o)
                              e:/d_backup/tech/arduino-1.0.1-windows/arduino-1.0.1/hardware/tools/avr/bin/../lib/gcc/avr/4.3.2/../../../../avr/lib/avr6\libc.a(addsf3x.o) (__fp_pscA)
e:/d_backup/tech/arduino-1.0.1-windows/arduino-1.0.1/hardware/tools/avr/bin/../lib/gcc/avr/4.3.2/../../../../avr/lib/avr6\libc.a(fp_pscB.o)
                              e:/d_backup/tech/arduino-1.0.1-windows/arduino-1.0.1/hardware/tools/avr/bin/../lib/gcc/avr/4.3.2/../../../../avr/lib/avr6\libc.a(addsf3x.o) (__fp_pscB)
e:/d_backup/tech/arduino-1.0.1-windows/arduino-1.0.1/hardware/tools/avr/bin/../lib/gcc/avr/4.3.2/../../../../avr/lib/avr6\libc.a(fp_round.o)
[...]
Memory Configuration

Name             Origin             Length             Attributes
text             0x00000000         0x00100000         xr
data             0x00800200         0x0000fe00         rw !x
eeprom           0x00810000         0x00010000         rw !x
fuse             0x00820000         0x00000400         rw !x
lock             0x00830000         0x00000400         rw !x
signature        0x00840000         0x00000400         rw !x
*default*        0x00000000         0xffffffff

Linker script and memory map

Address of section .data set to 0x800200
LOAD e:/d_backup/tech/arduino-1.0.1-windows/arduino-1.0.1/hardware/tools/avr/bin/../lib/gcc/avr/4.3.2/../../../../avr/lib/avr6/crtm2560.o
LOAD ./main.o
LOAD ./Motor/Motor.o
LOAD ./Fuzzy_Set/FuzzySet.o
LOAD ./FuzzySystem/FuzzySystem.o
LOAD ./FuzzyRule/FuzzyRule.o
LOAD ./Encoder/Encoder.o
LOAD ./Data/data.o
LOAD e:/d_backup/tech/arduino-1.0.1-windows/arduino-1.0.1/hardware/tools/avr/bin/../lib/gcc/avr/4.3.2/../../../../avr/lib/avr6\libc.a
LOAD e:/d_backup/tech/arduino-1.0.1-windows/arduino-1.0.1/hardware/tools/avr/bin/../lib/gcc/avr/4.3.2/../../../../avr/lib/avr6\libm.a
LOAD e:/d_backup/tech/arduino-1.0.1-windows/arduino-1.0.1/hardware/tools/avr/bin/../lib/gcc/avr/4.3.2/../../../../avr/lib/avr6\libprintf_flt.a
LOAD e:/d_backup/tech/arduino-1.0.1-windows/arduino-1.0.1/hardware/tools/avr/bin/../lib/gcc/avr/4.3.2/../../../../avr/lib/avr6\libscanf_flt.a
LOAD e:/d_backup/tech/arduino-1.0.1-windows/arduino-1.0.1/hardware/tools/avr/bin/../lib/gcc/avr/4.3.2/../../../../avr/lib\libcore.a
LOAD e:/d_backup/tech/arduino-1.0.1-windows/arduino-1.0.1/hardware/tools/avr/bin/../lib/gcc/avr/4.3.2/avr6\libgcc.a
LOAD e:/d_backup/tech/arduino-1.0.1-windows/arduino-1.0.1/hardware/tools/avr/bin/../lib/gcc/avr/4.3.2/../../../../avr/lib/avr6\libc.a
LOAD e:/d_backup/tech/arduino-1.0.1-windows/arduino-1.0.1/hardware/tools/avr/bin/../lib/gcc/avr/4.3.2/avr6\libgcc.a

.hash
 *(.hash)

.dynsym
 *(.dynsym)

.dynstr
 *(.dynstr)

.gnu.version
 *(.gnu.version)

.gnu.version_d
 *(.gnu.version_d)

.gnu.version_r
 *(.gnu.version_r)

.rel.init
 *(.rel.init)

.rela.init
 *(.rela.init)

.rel.text
 *(.rel.text)
 *(.rel.text.*)
 *(.rel.gnu.linkonce.t*)

.rela.text
 *(.rela.text)
 *(.rela.text.*)
 *(.rela.gnu.linkonce.t*)

.rel.fini
 *(.rel.fini)

.rela.fini
 *(.rela.fini)

.rel.rodata
 *(.rel.rodata)
 *(.rel.rodata.*)
 *(.rel.gnu.linkonce.r*)

.rela.rodata
 *(.rela.rodata)
 *(.rela.rodata.*)
 *(.rela.gnu.linkonce.r*)

.rel.data
 *(.rel.data)
 *(.rel.data.*)
 *(.rel.gnu.linkonce.d*)

.rela.data
 *(.rela.data)
 *(.rela.data.*)
 *(.rela.gnu.linkonce.d*)

.rel.ctors
 *(.rel.ctors)

.rela.ctors
 *(.rela.ctors)

.rel.dtors
 *(.rel.dtors)

.rela.dtors
 *(.rela.dtors)

.rel.got
 *(.rel.got)

.rela.got
 *(.rela.got)

.rel.bss
 *(.rel.bss)

.rela.bss
 *(.rela.bss)

.rel.plt
 *(.rel.plt)

.rela.plt
 *(.rela.plt)

.text           0x00000000     0x2e5e
 *(.vectors)
 .vectors       0x00000000       0xe4 e:/d_backup/tech/arduino-1.0.1-windows/arduino-1.0.1/hardware/tools/avr/bin/../lib/gcc/avr/4.3.2/../../../../avr/lib/avr6/crtm2560.o
                0x00000000                __vectors
                0x00000000                __vector_default
 *(.vectors)
 *(.progmem.gcc*)
 *(.progmem*)
 .progmem.data  0x000000e4      0x120 e:/d_backup/tech/arduino-1.0.1-windows/arduino-1.0.1/hardware/tools/avr/bin/../lib/gcc/avr/4.3.2/../../../../avr/lib\libcore.a(wiring_digital.c.o)
                0x000000e4                port_to_mode_PGM
                0x00000132                digital_pin_to_port_PGM
                0x00000178                digital_pin_to_bit_mask_PGM
                0x000000fe                port_to_output_PGM
                0x00000118                port_to_input_PGM
                0x000001be                digital_pin_to_timer_PGM
                0x00000204                . = ALIGN (0x2)
                0x00000204                __trampolines_start = .
 *(.trampolines)
 .trampolines   0x00000204        0x0 linker stubs
 *(.trampolines*)
                0x00000204                __trampolines_end = .
 *(.jumptables)
 *(.jumptables*)
 *(.lowtext)
 *(.lowtext*)
                0x00000204                __ctors_start = .
 *(.ctors)
 .ctors         0x00000204        0x2 ./main.o
 .ctors         0x00000206        0x2 ./FuzzySystem/FuzzySystem.o
 .ctors         0x00000208        0x2 e:/d_backup/tech/arduino-1.0.1-windows/arduino-1.0.1/hardware/tools/avr/bin/../lib/gcc/avr/4.3.2/../../../../avr/lib\libcore.a(HardwareSerial.cpp.o)
                0x0000020a                __ctors_end = .
                0x0000020a                __dtors_start = .
 *(.dtors)
 .dtors         0x0000020a        0x2 ./main.o
 .dtors         0x0000020c        0x2 ./FuzzySystem/FuzzySystem.o
                0x0000020e                __dtors_end = .
 SORT(*)(.ctors)
 SORT(*)(.dtors)
 *(.init0)
 .init0         0x0000020e        0x0 e:/d_backup/tech/arduino-1.0.1-windows/arduino-1.0.1/hardware/tools/avr/bin/../lib/gcc/avr/4.3.2/../../../../avr/lib/avr6/crtm2560.o
                0x0000020e                __init
 *(.init0)
 *(.init1)
 *(.init1)
 *(.init2)
 .init2         0x0000020e       0x10 e:/d_backup/tech/arduino-1.0.1-windows/arduino-1.0.1/hardware/tools/avr/bin/../lib/gcc/avr/4.3.2/../../../../avr/lib/avr6/crtm2560.o
 *(.init2)
 *(.init3)
 *(.init3)
 *(.init4)
 .init4         0x0000021e       0x1c e:/d_backup/tech/arduino-1.0.1-windows/arduino-1.0.1/hardware/tools/avr/bin/../lib/gcc/avr/4.3.2/../../../../avr/lib/avr6/crtm2560.o
                0x0000021e                __do_copy_data
 .init4         0x0000023a       0x10 e:/d_backup/tech/arduino-1.0.1-windows/arduino-1.0.1/hardware/tools/avr/bin/../lib/gcc/avr/4.3.2/avr6\libgcc.a(_clear_bss.o)
                0x0000023a                __do_clear_bss
 *(.init4)
 *(.init5)
 *(.init5)
 *(.init6)
 .init6         0x0000024a       0x16 e:/d_backup/tech/arduino-1.0.1-windows/arduino-1.0.1/hardware/tools/avr/bin/../lib/gcc/avr/4.3.2/avr6\libgcc.a(_ctors.o)
                0x0000024a                __do_global_ctors
 *(.init6)
 *(.init7)
 *(.init7)
 *(.init8)
 *(.init8)
 *(.init9)
 .init9         0x00000260        0x8 e:/d_backup/tech/arduino-1.0.1-windows/arduino-1.0.1/hardware/tools/avr/bin/../lib/gcc/avr/4.3.2/../../../../avr/lib/avr6/crtm2560.o
 *(.init9)
 *(.text)
 .text          0x00000268        0x4 e:/d_backup/tech/arduino-1.0.1-windows/arduino-1.0.1/hardware/tools/avr/bin/../lib/gcc/avr/4.3.2/../../../../avr/lib/avr6/crtm2560.o
                0x00000268                __vector_38
                0x00000268                __vector_22
                0x00000268                __vector_28
                0x00000268                __vector_32
                0x00000268                __vector_34
                0x00000268                __vector_24
                0x00000268                __vector_12
                0x00000268                __vector_46
                0x00000268                __bad_interrupt
                0x00000268                __vector_31
                0x00000268                __vector_35
                0x00000268                __vector_39
                0x00000268                __vector_30
                0x00000268                __vector_45
                0x00000268                __vector_11
                0x00000268                __vector_13
                0x00000268                __vector_17
                0x00000268                __vector_19
                0x00000268                __vector_56
                0x00000268                __vector_49
                0x00000268                __vector_41
                0x00000268                __vector_43
                0x00000268                __vector_27
                0x00000268                __vector_33
                0x00000268                __vector_47
                0x00000268                __vector_44
                0x00000268                __vector_9
                0x00000268                __vector_21
                0x00000268                __vector_15
                0x00000268                __vector_29
                0x00000268                __vector_40
                0x00000268                __vector_48
                0x00000268                __vector_14
                0x00000268                __vector_53
                0x00000268                __vector_10
                0x00000268                __vector_50
                0x00000268                __vector_16
                0x00000268                __vector_18
                0x00000268                __vector_20
                0x00000268                __vector_42
 .text          0x0000026c        0x6 e:/d_backup/tech/arduino-1.0.1-windows/arduino-1.0.1/hardware/tools/avr/bin/../lib/gcc/avr/4.3.2/../../../../avr/lib/avr6\libc.a(exit.o)
                0x0000026c                exit
 .text          0x00000272      0x204 e:/d_backup/tech/arduino-1.0.1-windows/arduino-1.0.1/hardware/tools/avr/bin/../lib/gcc/avr/4.3.2/../../../../avr/lib/avr6\libc.a(malloc.o)
                0x00000272                malloc
                0x000003c6                free
                0x00000476                . = ALIGN (0x2)
 *(.text.*)
 .text._Z4tickv
                0x00000476       0x14 ./main.o
                0x00000476                tick()
 .text._Z41__static_initialization_and_destruction_0ii
                0x0000048a       0x4a ./main.o
 .text._GLOBAL__D_count
                0x000004d4        0xe ./main.o
 .text._GLOBAL__I_count
                0x000004e2        0xe ./main.o
 .text.loop     0x000004f0      0x168 ./main.o
                0x000004f0                loop
 .text.setup    0x00000658       0x70 ./main.o
                0x00000658                setup
 .text.main     0x000006c8        0xe ./main.o
                0x000006c8                main
 .text._ZN5Motor8setSpeedEi
                0x000006d6       0x24 ./Motor/Motor.o
                0x000006d6                Motor::setSpeed(int)
 .text._ZN5Motor7forwardEv
                0x000006fa       0x28 ./Motor/Motor.o
                0x000006fa                Motor::forward()
 .text._ZN5MotorC1Eiii
                0x00000722       0x34 ./Motor/Motor.o
                0x00000722                Motor::Motor(int, int, int)
 .text._ZN8FuzzySetC1Ev
                0x00000756        0xc ./Fuzzy_Set/FuzzySet.o
                0x00000756                FuzzySet::FuzzySet()
 .text._ZN8FuzzySetC1Eiii
                0x00000762       0x18 ./Fuzzy_Set/FuzzySet.o
                0x00000762                FuzzySet::FuzzySet(int, int, int)
 .text._ZN8FuzzySet18getMembershipValueEi
                0x0000077a       0xc0 ./Fuzzy_Set/FuzzySet.o
                0x0000077a                FuzzySet::getMembershipValue(int)
 .text._ZN8FuzzySet13calculateAreaEf
                0x0000083a      0x132 ./Fuzzy_Set/FuzzySet.o
                0x0000083a                FuzzySet::calculateArea(float)
 .text._ZN8FuzzySet20calculateAreaProductEf
                0x0000096c      0x1cc ./Fuzzy_Set/FuzzySet.o
                0x0000096c                FuzzySet::calculateAreaProduct(float)
 .text._ZN8FuzzySetD1Ev
                0x00000b38        0xc ./Fuzzy_Set/FuzzySet.o
                0x00000b38                FuzzySet::~FuzzySet()
 .text._ZN8FuzzySetD0Ev
                0x00000b44       0x12 ./Fuzzy_Set/FuzzySet.o
                0x00000b44                FuzzySet::~FuzzySet()
 .text._Z8initSetsv
                0x00000b56      0x2bc ./FuzzySystem/FuzzySystem.o
                0x00000b56                initSets()
 .text._Z41__static_initialization_and_destruction_0ii
                0x00000e12      0x118 ./FuzzySystem/FuzzySystem.o
 .text._GLOBAL__D_ruleTable
                0x00000f2a        0xe ./FuzzySystem/FuzzySystem.o
 .text._GLOBAL__I_ruleTable
                0x00000f38        0xe ./FuzzySystem/FuzzySystem.o
 .text._Z15calculateOutputv
                0x00000f46      0x270 ./FuzzySystem/FuzzySystem.o
                0x00000f46                calculateOutput()
 .text._ZN9FuzzyRuleC1Ev
                0x000011b6        0xc ./FuzzyRule/FuzzyRule.o
                0x000011b6                FuzzyRule::FuzzyRule()
 .text._ZN9FuzzyRuleD1Ev
                0x000011c2        0xc ./FuzzyRule/FuzzyRule.o
                0x000011c2                FuzzyRule::~FuzzyRule()
 .text._ZN9FuzzyRuleD0Ev
                0x000011ce       0x12 ./FuzzyRule/FuzzyRule.o
                0x000011ce                FuzzyRule::~FuzzyRule()
 .text.fplib    0x000011e0        0xa e:/d_backup/tech/arduino-1.0.1-windows/arduino-1.0.1/hardware/tools/avr/bin/../lib/gcc/avr/4.3.2/../../../../avr/lib/avr6\libc.a(addsf3.o)
                0x000011e0                __subsf3
                0x000011e2                __addsf3
 .text.fplib    0x000011ea       0xc0 e:/d_backup/tech/arduino-1.0.1-windows/arduino-1.0.1/hardware/tools/avr/bin/../lib/gcc/avr/4.3.2/../../../../avr/lib/avr6\libc.a(addsf3x.o)
                0x00001204                __addsf3x
 .text.fplib    0x000012aa       0x26 e:/d_backup/tech/arduino-1.0.1-windows/arduino-1.0.1/hardware/tools/avr/bin/../lib/gcc/avr/4.3.2/../../../../avr/lib/avr6\libc.a(ceil.o)
                0x000012aa                ceil
 .text.fplib    0x000012d0        0x8 e:/d_backup/tech/arduino-1.0.1-windows/arduino-1.0.1/hardware/tools/avr/bin/../lib/gcc/avr/4.3.2/../../../../avr/lib/avr6\libc.a(cmpsf2.o)
                0x000012d0                __lesf2
                0x000012d0                __nesf2
                0x000012d0                __eqsf2
                0x000012d0                __cmpsf2
                0x000012d0                __ltsf2
 .text.fplib    0x000012d8        0x4 e:/d_backup/tech/arduino-1.0.1-windows/arduino-1.0.1/hardware/tools/avr/bin/../lib/gcc/avr/4.3.2/../../../../avr/lib/avr6\libc.a(divsf3.o)
                0x000012d8                __divsf3
 .text.fplib    0x000012dc       0xcc e:/d_backup/tech/arduino-1.0.1-windows/arduino-1.0.1/hardware/tools/avr/bin/../lib/gcc/avr/4.3.2/../../../../avr/lib/avr6\libc.a(divsf3x.o)
                0x000012f2                __divsf3x
                0x000012f6                __divsf3_pse
 .text.fplib    0x000013a8        0xa e:/d_backup/tech/arduino-1.0.1-windows/arduino-1.0.1/hardware/tools/avr/bin/../lib/gcc/avr/4.3.2/../../../../avr/lib/avr6\libc.a(fixsfsi.o)
                0x000013a8                __fixsfsi
 .text.fplib    0x000013b2       0x58 e:/d_backup/tech/arduino-1.0.1-windows/arduino-1.0.1/hardware/tools/avr/bin/../lib/gcc/avr/4.3.2/../../../../avr/lib/avr6\libc.a(fixunssfsi.o)
                0x000013b2                __fixunssfsi
 .text.fplib    0x0000140a       0x7a e:/d_backup/tech/arduino-1.0.1-windows/arduino-1.0.1/hardware/tools/avr/bin/../lib/gcc/avr/4.3.2/../../../../avr/lib/avr6\libc.a(floatsisf.o)
                0x0000140e                __floatsisf
                0x0000140a                __floatunsisf
 .text.fplib    0x00001484       0x48 e:/d_backup/tech/arduino-1.0.1-windows/arduino-1.0.1/hardware/tools/avr/bin/../lib/gcc/avr/4.3.2/../../../../avr/lib/avr6\libc.a(fp_cmp.o)
                0x00001484                __fp_cmp
 .text.fplib    0x000014cc        0xc e:/d_backup/tech/arduino-1.0.1-windows/arduino-1.0.1/hardware/tools/avr/bin/../lib/gcc/avr/4.3.2/../../../../avr/lib/avr6\libc.a(fp_inf.o)
                0x000014cc                __fp_inf
 .text.fplib    0x000014d8       0x36 e:/d_backup/tech/arduino-1.0.1-windows/arduino-1.0.1/hardware/tools/avr/bin/../lib/gcc/avr/4.3.2/../../../../avr/lib/avr6\libc.a(fp_mintl.o)
                0x000014d8                __fp_mintl
 .text.fplib    0x0000150e       0x20 e:/d_backup/tech/arduino-1.0.1-windows/arduino-1.0.1/hardware/tools/avr/bin/../lib/gcc/avr/4.3.2/../../../../avr/lib/avr6\libc.a(fp_mpack.o)
                0x0000150e                __fp_mpack
 .text.fplib    0x0000152e        0x6 e:/d_backup/tech/arduino-1.0.1-windows/arduino-1.0.1/hardware/tools/avr/bin/../lib/gcc/avr/4.3.2/../../../../avr/lib/avr6\libc.a(fp_nan.o)
                0x0000152e                __fp_nan
 .text.fplib    0x00001534        0xe e:/d_backup/tech/arduino-1.0.1-windows/arduino-1.0.1/hardware/tools/avr/bin/../lib/gcc/avr/4.3.2/../../../../avr/lib/avr6\libc.a(fp_pscA.o)
                0x00001534                __fp_pscA
 .text.fplib    0x00001542        0xe e:/d_backup/tech/arduino-1.0.1-windows/arduino-1.0.1/hardware/tools/avr/bin/../lib/gcc/avr/4.3.2/../../../../avr/lib/avr6\libc.a(fp_pscB.o)
                0x00001542                __fp_pscB
 .text.fplib    0x00001550       0x22 e:/d_backup/tech/arduino-1.0.1-windows/arduino-1.0.1/hardware/tools/avr/bin/../lib/gcc/avr/4.3.2/../../../../avr/lib/avr6\libc.a(fp_round.o)
                0x00001550                __fp_round
 .text.fplib    0x00001572       0x44 e:/d_backup/tech/arduino-1.0.1-windows/arduino-1.0.1/hardware/tools/avr/bin/../lib/gcc/avr/4.3.2/../../../../avr/lib/avr6\libc.a(fp_split3.o)
                0x00001572                __fp_split3
                0x00001582                __fp_splitA
 .text.fplib    0x000015b6       0x2e e:/d_backup/tech/arduino-1.0.1-windows/arduino-1.0.1/hardware/tools/avr/bin/../lib/gcc/avr/4.3.2/../../../../avr/lib/avr6\libc.a(fp_trunc.o)
                0x000015b6                __fp_trunc
 .text.fplib    0x000015e4        0xe e:/d_backup/tech/arduino-1.0.1-windows/arduino-1.0.1/hardware/tools/avr/bin/../lib/gcc/avr/4.3.2/../../../../avr/lib/avr6\libc.a(fp_zero.o)
                0x000015e4                __fp_zero
                0x000015e6                __fp_szero
 .text.fplib    0x000015f2        0x8 e:/d_backup/tech/arduino-1.0.1-windows/arduino-1.0.1/hardware/tools/avr/bin/../lib/gcc/avr/4.3.2/../../../../avr/lib/avr6\libc.a(gesf2.o)
                0x000015f2                __gtsf2
                0x000015f2                __gesf2
 .text.fplib    0x000015fa        0x4 e:/d_backup/tech/arduino-1.0.1-windows/arduino-1.0.1/hardware/tools/avr/bin/../lib/gcc/avr/4.3.2/../../../../avr/lib/avr6\libc.a(mulsf3.o)
                0x000015fa                __mulsf3
 .text.fplib    0x000015fe       0xc2 e:/d_backup/tech/arduino-1.0.1-windows/arduino-1.0.1/hardware/tools/avr/bin/../lib/gcc/avr/4.3.2/../../../../avr/lib/avr6\libc.a(mulsf3x.o)
                0x00001616                __mulsf3_pse
                0x00001612                __mulsf3x
 .text.attachInterrupt
                0x000016c0       0xf8 e:/d_backup/tech/arduino-1.0.1-windows/arduino-1.0.1/hardware/tools/avr/bin/../lib/gcc/avr/4.3.2/../../../../avr/lib\libcore.a(WInterrupts.c.o)
                0x000016c0                attachInterrupt
 .text.__vector_1
                0x000017b8       0x62 e:/d_backup/tech/arduino-1.0.1-windows/arduino-1.0.1/hardware/tools/avr/bin/../lib/gcc/avr/4.3.2/../../../../avr/lib\libcore.a(WInterrupts.c.o)
                0x000017b8                __vector_1
 .text.__vector_2
                0x0000181a       0x62 e:/d_backup/tech/arduino-1.0.1-windows/arduino-1.0.1/hardware/tools/avr/bin/../lib/gcc/avr/4.3.2/../../../../avr/lib\libcore.a(WInterrupts.c.o)
                0x0000181a                __vector_2
 .text.__vector_3
                0x0000187c       0x62 e:/d_backup/tech/arduino-1.0.1-windows/arduino-1.0.1/hardware/tools/avr/bin/../lib/gcc/avr/4.3.2/../../../../avr/lib\libcore.a(WInterrupts.c.o)
                0x0000187c                __vector_3
 .text.__vector_4
                0x000018de       0x62 e:/d_backup/tech/arduino-1.0.1-windows/arduino-1.0.1/hardware/tools/avr/bin/../lib/gcc/avr/4.3.2/../../../../avr/lib\libcore.a(WInterrupts.c.o)
                0x000018de                __vector_4
 .text.__vector_5
                0x00001940       0x62 e:/d_backup/tech/arduino-1.0.1-windows/arduino-1.0.1/hardware/tools/avr/bin/../lib/gcc/avr/4.3.2/../../../../avr/lib\libcore.a(WInterrupts.c.o)
                0x00001940                __vector_5
 .text.__vector_6
                0x000019a2       0x62 e:/d_backup/tech/arduino-1.0.1-windows/arduino-1.0.1/hardware/tools/avr/bin/../lib/gcc/avr/4.3.2/../../../../avr/lib\libcore.a(WInterrupts.c.o)
                0x000019a2                __vector_6
 .text.__vector_7
                0x00001a04       0x62 e:/d_backup/tech/arduino-1.0.1-windows/arduino-1.0.1/hardware/tools/avr/bin/../lib/gcc/avr/4.3.2/../../../../avr/lib\libcore.a(WInterrupts.c.o)
                0x00001a04                __vector_7
 .text.__vector_8
                0x00001a66       0x62 e:/d_backup/tech/arduino-1.0.1-windows/arduino-1.0.1/hardware/tools/avr/bin/../lib/gcc/avr/4.3.2/../../../../avr/lib\libcore.a(WInterrupts.c.o)
                0x00001a66                __vector_8
 .text.__vector_23
                0x00001ac8       0x90 e:/d_backup/tech/arduino-1.0.1-windows/arduino-1.0.1/hardware/tools/avr/bin/../lib/gcc/avr/4.3.2/../../../../avr/lib\libcore.a(wiring.c.o)
                0x00001ac8                __vector_23
 .text.millis   0x00001b58       0x1c e:/d_backup/tech/arduino-1.0.1-windows/arduino-1.0.1/hardware/tools/avr/bin/../lib/gcc/avr/4.3.2/../../../../avr/lib\libcore.a(wiring.c.o)
                0x00001b58                millis
 .text.delay    0x00001b74       0xb2 e:/d_backup/tech/arduino-1.0.1-windows/arduino-1.0.1/hardware/tools/avr/bin/../lib/gcc/avr/4.3.2/../../../../avr/lib\libcore.a(wiring.c.o)
                0x00001b74                delay
 .text.init     0x00001c26       0xc4 e:/d_backup/tech/arduino-1.0.1-windows/arduino-1.0.1/hardware/tools/avr/bin/../lib/gcc/avr/4.3.2/../../../../avr/lib\libcore.a(wiring.c.o)
                0x00001c26                init
 .text.analogWrite
                0x00001cea      0x1c0 e:/d_backup/tech/arduino-1.0.1-windows/arduino-1.0.1/hardware/tools/avr/bin/../lib/gcc/avr/4.3.2/../../../../avr/lib\libcore.a(wiring_analog.c.o)
                0x00001cea                analogWrite
 .text.pinMode  0x00001eaa       0x7e e:/d_backup/tech/arduino-1.0.1-windows/arduino-1.0.1/hardware/tools/avr/bin/../lib/gcc/avr/4.3.2/../../../../avr/lib\libcore.a(wiring_digital.c.o)
                0x00001eaa                pinMode
 .text.turnOffPWM
                0x00001f28       0xe8 e:/d_backup/tech/arduino-1.0.1-windows/arduino-1.0.1/hardware/tools/avr/bin/../lib/gcc/avr/4.3.2/../../../../avr/lib\libcore.a(wiring_digital.c.o)
 .text.digitalWrite
                0x00002010       0x66 e:/d_backup/tech/arduino-1.0.1-windows/arduino-1.0.1/hardware/tools/avr/bin/../lib/gcc/avr/4.3.2/../../../../avr/lib\libcore.a(wiring_digital.c.o)
                0x00002010                digitalWrite
 .text.pulseIn  0x00002076      0x138 e:/d_backup/tech/arduino-1.0.1-windows/arduino-1.0.1/hardware/tools/avr/bin/../lib/gcc/avr/4.3.2/../../../../avr/lib\libcore.a(wiring_pulse.c.o)
                0x00002076                pulseIn
 .text.__vector_25
                0x000021ae       0x70 e:/d_backup/tech/arduino-1.0.1-windows/arduino-1.0.1/hardware/tools/avr/bin/../lib/gcc/avr/4.3.2/../../../../avr/lib\libcore.a(HardwareSerial.cpp.o)
                0x000021ae                __vector_25
 .text.__vector_36
                0x0000221e       0x70 e:/d_backup/tech/arduino-1.0.1-windows/arduino-1.0.1/hardware/tools/avr/bin/../lib/gcc/avr/4.3.2/../../../../avr/lib\libcore.a(HardwareSerial.cpp.o)
                0x0000221e                __vector_36
 .text.__vector_51
                0x0000228e       0x70 e:/d_backup/tech/arduino-1.0.1-windows/arduino-1.0.1/hardware/tools/avr/bin/../lib/gcc/avr/4.3.2/../../../../avr/lib\libcore.a(HardwareSerial.cpp.o)
                0x0000228e                __vector_51
 .text.__vector_54
                0x000022fe       0x70 e:/d_backup/tech/arduino-1.0.1-windows/arduino-1.0.1/hardware/tools/avr/bin/../lib/gcc/avr/4.3.2/../../../../avr/lib\libcore.a(HardwareSerial.cpp.o)
                0x000022fe                __vector_54
 .text.__vector_26
                0x0000236e       0x7e e:/d_backup/tech/arduino-1.0.1-windows/arduino-1.0.1/hardware/tools/avr/bin/../lib/gcc/avr/4.3.2/../../../../avr/lib\libcore.a(HardwareSerial.cpp.o)
                0x0000236e                __vector_26
 .text.__vector_37
                0x000023ec       0x7e e:/d_backup/tech/arduino-1.0.1-windows/arduino-1.0.1/hardware/tools/avr/bin/../lib/gcc/avr/4.3.2/../../../../avr/lib\libcore.a(HardwareSerial.cpp.o)
                0x000023ec                __vector_37
 .text.__vector_52
                0x0000246a       0x7e e:/d_backup/tech/arduino-1.0.1-windows/arduino-1.0.1/hardware/tools/avr/bin/../lib/gcc/avr/4.3.2/../../../../avr/lib\libcore.a(HardwareSerial.cpp.o)
                0x0000246a                __vector_52
 .text.__vector_55
                0x000024e8       0x7e e:/d_backup/tech/arduino-1.0.1-windows/arduino-1.0.1/hardware/tools/avr/bin/../lib/gcc/avr/4.3.2/../../../../avr/lib\libcore.a(HardwareSerial.cpp.o)
                0x000024e8                __vector_55
 .text._ZN14HardwareSerial5beginEm
                0x00002566      0x10c e:/d_backup/tech/arduino-1.0.1-windows/arduino-1.0.1/hardware/tools/avr/bin/../lib/gcc/avr/4.3.2/../../../../avr/lib\libcore.a(HardwareSerial.cpp.o)
                0x00002566                HardwareSerial::begin(unsigned long)
 .text._ZN14HardwareSerial9availableEv
                0x00002672       0x22 e:/d_backup/tech/arduino-1.0.1-windows/arduino-1.0.1/hardware/tools/avr/bin/../lib/gcc/avr/4.3.2/../../../../avr/lib\libcore.a(HardwareSerial.cpp.o)
                0x00002672                HardwareSerial::available()
 .text._ZN14HardwareSerial4peekEv
                0x00002694       0x40 e:/d_backup/tech/arduino-1.0.1-windows/arduino-1.0.1/hardware/tools/avr/bin/../lib/gcc/avr/4.3.2/../../../../avr/lib\libcore.a(HardwareSerial.cpp.o)
                0x00002694                HardwareSerial::peek()
 .text._ZN14HardwareSerial4readEv
                0x000026d4       0x52 e:/d_backup/tech/arduino-1.0.1-windows/arduino-1.0.1/hardware/tools/avr/bin/../lib/gcc/avr/4.3.2/../../../../avr/lib\libcore.a(HardwareSerial.cpp.o)
                0x000026d4                HardwareSerial::read()
 .text._ZN14HardwareSerial5flushEv
                0x00002726       0x24 e:/d_backup/tech/arduino-1.0.1-windows/arduino-1.0.1/hardware/tools/avr/bin/../lib/gcc/avr/4.3.2/../../../../avr/lib\libcore.a(HardwareSerial.cpp.o)
                0x00002726                HardwareSerial::flush()
 .text._ZN14HardwareSerial5writeEh
                0x0000274a       0x72 e:/d_backup/tech/arduino-1.0.1-windows/arduino-1.0.1/hardware/tools/avr/bin/../lib/gcc/avr/4.3.2/../../../../avr/lib\libcore.a(HardwareSerial.cpp.o)
                0x0000274a                HardwareSerial::write(unsigned char)
 .text._GLOBAL__I_rx_buffer
                0x000027bc      0x23c e:/d_backup/tech/arduino-1.0.1-windows/arduino-1.0.1/hardware/tools/avr/bin/../lib/gcc/avr/4.3.2/../../../../avr/lib\libcore.a(HardwareSerial.cpp.o)
 .text._ZdlPv   0x000029f8        0x6 e:/d_backup/tech/arduino-1.0.1-windows/arduino-1.0.1/hardware/tools/avr/bin/../lib/gcc/avr/4.3.2/../../../../avr/lib\libcore.a(new.cpp.o)
                0x000029f8                operator delete(void*)
 .text._ZN5Print5writeEPKhj
                0x000029fe       0x54 e:/d_backup/tech/arduino-1.0.1-windows/arduino-1.0.1/hardware/tools/avr/bin/../lib/gcc/avr/4.3.2/../../../../avr/lib\libcore.a(Print.cpp.o)
                0x000029fe                Print::write(unsigned char const*, unsigned int)
 .text._ZN5Print7printlnEv
                0x00002a52       0x40 e:/d_backup/tech/arduino-1.0.1-windows/arduino-1.0.1/hardware/tools/avr/bin/../lib/gcc/avr/4.3.2/../../../../avr/lib\libcore.a(Print.cpp.o)
                0x00002a52                Print::println()
 .text._ZN5Print5writeEPKc
                0x00002a92       0x28 e:/d_backup/tech/arduino-1.0.1-windows/arduino-1.0.1/hardware/tools/avr/bin/../lib/gcc/avr/4.3.2/../../../../avr/lib\libcore.a(Print.cpp.o)
                0x00002a92                Print::write(char const*)
 .text._ZN5Print11printNumberEmh
                0x00002aba       0xc8 e:/d_backup/tech/arduino-1.0.1-windows/arduino-1.0.1/hardware/tools/avr/bin/../lib/gcc/avr/4.3.2/../../../../avr/lib\libcore.a(Print.cpp.o)
                0x00002aba                Print::printNumber(unsigned long, unsigned char)
 .text._ZN5Print5printEli
                0x00002b82       0x80 e:/d_backup/tech/arduino-1.0.1-windows/arduino-1.0.1/hardware/tools/avr/bin/../lib/gcc/avr/4.3.2/../../../../avr/lib\libcore.a(Print.cpp.o)
                0x00002b82                Print::print(long, int)
 .text._ZN5Print7printlnEii
                0x00002c02       0x3e e:/d_backup/tech/arduino-1.0.1-windows/arduino-1.0.1/hardware/tools/avr/bin/../lib/gcc/avr/4.3.2/../../../../avr/lib\libcore.a(Print.cpp.o)
                0x00002c02                Print::println(int, int)
 .text._ZN6Stream9timedPeekEv
                0x00002c40       0x58 e:/d_backup/tech/arduino-1.0.1-windows/arduino-1.0.1/hardware/tools/avr/bin/../lib/gcc/avr/4.3.2/../../../../avr/lib\libcore.a(Stream.cpp.o)
                0x00002c40                Stream::timedPeek()
 .text._ZN6Stream13peekNextDigitEv
                0x00002c98       0x36 e:/d_backup/tech/arduino-1.0.1-windows/arduino-1.0.1/hardware/tools/avr/bin/../lib/gcc/avr/4.3.2/../../../../avr/lib\libcore.a(Stream.cpp.o)
                0x00002c98                Stream::peekNextDigit()
 .text._ZN6Stream8parseIntEc
                0x00002cce       0xe0 e:/d_backup/tech/arduino-1.0.1-windows/arduino-1.0.1/hardware/tools/avr/bin/../lib/gcc/avr/4.3.2/../../../../avr/lib\libcore.a(Stream.cpp.o)
                0x00002cce                Stream::parseInt(char)
 .text._ZN6Stream8parseIntEv
                0x00002dae        0x8 e:/d_backup/tech/arduino-1.0.1-windows/arduino-1.0.1/hardware/tools/avr/bin/../lib/gcc/avr/4.3.2/../../../../avr/lib\libcore.a(Stream.cpp.o)
                0x00002dae                Stream::parseInt()
 .text.libgcc   0x00002db6       0x3e e:/d_backup/tech/arduino-1.0.1-windows/arduino-1.0.1/hardware/tools/avr/bin/../lib/gcc/avr/4.3.2/avr6\libgcc.a(_mulsi3.o)
                0x00002db6                __mulsi3
 .text.libgcc   0x00002df4       0x44 e:/d_backup/tech/arduino-1.0.1-windows/arduino-1.0.1/hardware/tools/avr/bin/../lib/gcc/avr/4.3.2/avr6\libgcc.a(_udivmodsi4.o)
                0x00002df4                __udivmodsi4
 .text.libgcc   0x00002e38        0xc e:/d_backup/tech/arduino-1.0.1-windows/arduino-1.0.1/hardware/tools/avr/bin/../lib/gcc/avr/4.3.2/avr6\libgcc.a(_tablejump.o)
                0x00002e3c                __tablejump__
                0x00002e38                __tablejump2__
                0x00002e44                . = ALIGN (0x2)
 *(.fini9)
 .fini9         0x00002e44        0x0 e:/d_backup/tech/arduino-1.0.1-windows/arduino-1.0.1/hardware/tools/avr/bin/../lib/gcc/avr/4.3.2/avr6\libgcc.a(_exit.o)
                0x00002e44                _exit
 *(.fini9)
 *(.fini8)
 *(.fini8)
 *(.fini7)
 *(.fini7)
 *(.fini6)
 .fini6         0x00002e44       0x16 e:/d_backup/tech/arduino-1.0.1-windows/arduino-1.0.1/hardware/tools/avr/bin/../lib/gcc/avr/4.3.2/avr6\libgcc.a(_dtors.o)
                0x00002e44                __do_global_dtors
 *(.fini6)
 *(.fini5)
 *(.fini5)
 *(.fini4)
 *(.fini4)
 *(.fini3)
 *(.fini3)
 *(.fini2)
 *(.fini2)
 *(.fini1)
 *(.fini1)
 *(.fini0)
 .fini0         0x00002e5a        0x4 e:/d_backup/tech/arduino-1.0.1-windows/arduino-1.0.1/hardware/tools/avr/bin/../lib/gcc/avr/4.3.2/avr6\libgcc.a(_exit.o)
 *(.fini0)
                0x00002e5e                _etext = .

.data           0x00800200       0x58 load address 0x00002e5e
                0x00800200                PROVIDE (__data_start, .)
 *(.data)
 .data          0x00800200        0x6 e:/d_backup/tech/arduino-1.0.1-windows/arduino-1.0.1/hardware/tools/avr/bin/../lib/gcc/avr/4.3.2/../../../../avr/lib/avr6\libc.a(malloc.o)
                0x00800202                __malloc_heap_start
                0x00800204                __malloc_heap_end
                0x00800200                __malloc_margin
 *(.data*)
 .data.ruleTable
                0x00800206       0x32 ./FuzzySystem/FuzzySystem.o
                0x00800206                ruleTable
 *(.rodata)
 *(.rodata*)
 .rodata._ZTV8FuzzySet
                0x00800238        0x8 ./Fuzzy_Set/FuzzySet.o
                0x00800238                vtable for FuzzySet
 .rodata._ZTV9FuzzyRule
                0x00800240        0x8 ./FuzzyRule/FuzzyRule.o
                0x00800240                vtable for FuzzyRule
 .rodata._ZTV14HardwareSerial
                0x00800248       0x10 e:/d_backup/tech/arduino-1.0.1-windows/arduino-1.0.1/hardware/tools/avr/bin/../lib/gcc/avr/4.3.2/../../../../avr/lib\libcore.a(HardwareSerial.cpp.o)
                0x00800248                vtable for HardwareSerial
 *(.gnu.linkonce.d*)
                0x00800258                . = ALIGN (0x2)
                0x00800258                _edata = .
                0x00800258                PROVIDE (__data_end, .)

.bss            0x00800258      0x3a1
                0x00800258                PROVIDE (__bss_start, .)
 *(.bss)
 *(.bss*)
 .bss.count     0x00800258        0x2 ./main.o
                0x00800258                count
 .bss.rightMotor
                0x0080025a        0x8 ./main.o
                0x0080025a                rightMotor
 .bss.low       0x00800262        0x2 ./main.o
                0x00800262                low
 .bss.high      0x00800264        0x2 ./main.o
                0x00800264                high
 .bss.total     0x00800266        0x4 ./main.o
                0x00800266                total
 .bss.rpm       0x0080026a        0x4 ./main.o
                0x0080026a                rpm
 .bss.test      0x0080026e        0xb ./main.o
                0x0080026e                test
 .bss.previousError
                0x00800279        0x2 ./main.o
                0x00800279                previousError
 .bss.errorSets
                0x0080027b       0x37 ./FuzzySystem/FuzzySystem.o
                0x0080027b                errorSets
 .bss.derivateErrorSets
                0x008002b2       0x37 ./FuzzySystem/FuzzySystem.o
                0x008002b2                derivateErrorSets
 .bss.resultSets
                0x008002e9       0x21 ./FuzzySystem/FuzzySystem.o
                0x008002e9                resultSets
 .bss.ruleSet   0x0080030a       0x20 ./FuzzySystem/FuzzySystem.o
                0x0080030a                ruleSet
 .bss.resultMembershipValues
                0x0080032a        0xc ./FuzzySystem/FuzzySystem.o
                0x0080032a                resultMembershipValues
 .bss.error     0x00800336        0x2 ./Data/data.o
                0x00800336                error
 .bss.desiredRpm
                0x00800338        0x2 ./Data/data.o
                0x00800338                desiredRpm
 .bss.derror    0x0080033a        0x2 ./Data/data.o
                0x0080033a                derror
 .bss.out       0x0080033c        0x4 ./Data/data.o
                0x0080033c                out
 .bss.intFunc   0x00800340       0x10 e:/d_backup/tech/arduino-1.0.1-windows/arduino-1.0.1/hardware/tools/avr/bin/../lib/gcc/avr/4.3.2/../../../../avr/lib\libcore.a(WInterrupts.c.o)
 .bss.timer0_overflow_count
                0x00800350        0x4 e:/d_backup/tech/arduino-1.0.1-windows/arduino-1.0.1/hardware/tools/avr/bin/../lib/gcc/avr/4.3.2/../../../../avr/lib\libcore.a(wiring.c.o)
                0x00800350                timer0_overflow_count
 .bss.timer0_millis
                0x00800354        0x4 e:/d_backup/tech/arduino-1.0.1-windows/arduino-1.0.1/hardware/tools/avr/bin/../lib/gcc/avr/4.3.2/../../../../avr/lib\libcore.a(wiring.c.o)
                0x00800354                timer0_millis
 .bss.timer0_fract
                0x00800358        0x1 e:/d_backup/tech/arduino-1.0.1-windows/arduino-1.0.1/hardware/tools/avr/bin/../lib/gcc/avr/4.3.2/../../../../avr/lib\libcore.a(wiring.c.o)
 .bss.rx_buffer
                0x00800359       0x44 e:/d_backup/tech/arduino-1.0.1-windows/arduino-1.0.1/hardware/tools/avr/bin/../lib/gcc/avr/4.3.2/../../../../avr/lib\libcore.a(HardwareSerial.cpp.o)
                0x00800359                rx_buffer
 .bss.tx_buffer
                0x0080039d       0x44 e:/d_backup/tech/arduino-1.0.1-windows/arduino-1.0.1/hardware/tools/avr/bin/../lib/gcc/avr/4.3.2/../../../../avr/lib\libcore.a(HardwareSerial.cpp.o)
                0x0080039d                tx_buffer
 .bss.rx_buffer1
                0x008003e1       0x44 e:/d_backup/tech/arduino-1.0.1-windows/arduino-1.0.1/hardware/tools/avr/bin/../lib/gcc/avr/4.3.2/../../../../avr/lib\libcore.a(HardwareSerial.cpp.o)
                0x008003e1                rx_buffer1
 .bss.tx_buffer1
                0x00800425       0x44 e:/d_backup/tech/arduino-1.0.1-windows/arduino-1.0.1/hardware/tools/avr/bin/../lib/gcc/avr/4.3.2/../../../../avr/lib\libcore.a(HardwareSerial.cpp.o)
                0x00800425                tx_buffer1
 .bss.rx_buffer2
                0x00800469       0x44 e:/d_backup/tech/arduino-1.0.1-windows/arduino-1.0.1/hardware/tools/avr/bin/../lib/gcc/avr/4.3.2/../../../../avr/lib\libcore.a(HardwareSerial.cpp.o)
                0x00800469                rx_buffer2
 .bss.tx_buffer2
                0x008004ad       0x44 e:/d_backup/tech/arduino-1.0.1-windows/arduino-1.0.1/hardware/tools/avr/bin/../lib/gcc/avr/4.3.2/../../../../avr/lib\libcore.a(HardwareSerial.cpp.o)
                0x008004ad                tx_buffer2
 .bss.rx_buffer3
                0x008004f1       0x44 e:/d_backup/tech/arduino-1.0.1-windows/arduino-1.0.1/hardware/tools/avr/bin/../lib/gcc/avr/4.3.2/../../../../avr/lib\libcore.a(HardwareSerial.cpp.o)
                0x008004f1                rx_buffer3
 .bss.tx_buffer3
                0x00800535       0x44 e:/d_backup/tech/arduino-1.0.1-windows/arduino-1.0.1/hardware/tools/avr/bin/../lib/gcc/avr/4.3.2/../../../../avr/lib\libcore.a(HardwareSerial.cpp.o)
                0x00800535                tx_buffer3
 .bss.Serial    0x00800579       0x1f e:/d_backup/tech/arduino-1.0.1-windows/arduino-1.0.1/hardware/tools/avr/bin/../lib/gcc/avr/4.3.2/../../../../avr/lib\libcore.a(HardwareSerial.cpp.o)
                0x00800579                Serial
 .bss.Serial1   0x00800598       0x1f e:/d_backup/tech/arduino-1.0.1-windows/arduino-1.0.1/hardware/tools/avr/bin/../lib/gcc/avr/4.3.2/../../../../avr/lib\libcore.a(HardwareSerial.cpp.o)
                0x00800598                Serial1
 .bss.Serial2   0x008005b7       0x1f e:/d_backup/tech/arduino-1.0.1-windows/arduino-1.0.1/hardware/tools/avr/bin/../lib/gcc/avr/4.3.2/../../../../avr/lib\libcore.a(HardwareSerial.cpp.o)
                0x008005b7                Serial2
 .bss.Serial3   0x008005d6       0x1f e:/d_backup/tech/arduino-1.0.1-windows/arduino-1.0.1/hardware/tools/avr/bin/../lib/gcc/avr/4.3.2/../../../../avr/lib\libcore.a(HardwareSerial.cpp.o)
                0x008005d6                Serial3
 *(COMMON)
 COMMON         0x008005f5        0x4 e:/d_backup/tech/arduino-1.0.1-windows/arduino-1.0.1/hardware/tools/avr/bin/../lib/gcc/avr/4.3.2/../../../../avr/lib/avr6\libc.a(malloc.o)
                0x008005f5                __brkval
                0x008005f7                __flp
                0x008005f9                PROVIDE (__bss_end, .)
                0x00002e5e                __data_load_start = LOADADDR (.data)
                0x00002eb6                __data_load_end = (__data_load_start + SIZEOF (.data))

.noinit         0x008005f9        0x0
                0x008005f9                PROVIDE (__noinit_start, .)
 *(.noinit*)
                0x008005f9                PROVIDE (__noinit_end, .)
                0x008005f9                _end = .
                0x008005f9                PROVIDE (__heap_start, .)

.eeprom         0x00810000        0x0
 *(.eeprom*)
                0x00810000                __eeprom_end = .

.fuse
 *(.fuse)
 *(.lfuse)
 *(.hfuse)
 *(.efuse)

.lock
 *(.lock*)

.signature
 *(.signature*)

.stab
 *(.stab)

.stabstr
 *(.stabstr)

.stab.excl
 *(.stab.excl)

.stab.exclstr
 *(.stab.exclstr)

.stab.index
 *(.stab.index)

.stab.indexstr
 *(.stab.indexstr)

.comment
 *(.comment)

.debug
 *(.debug)

.line
 *(.line)

.debug_srcinfo
 *(.debug_srcinfo)

.debug_sfnames
 *(.debug_sfnames)

.debug_aranges  0x00000000      0x640
 *(.debug_aranges)
 .debug_aranges
                0x00000000       0x68 e:/d_backup/tech/arduino-1.0.1-windows/arduino-1.0.1/hardware/tools/avr/bin/../lib/gcc/avr/4.3.2/../../../../avr/lib\libcore.a(WInterrupts.c.o)
 .debug_aranges
                0x00000068       0x48 e:/d_backup/tech/arduino-1.0.1-windows/arduino-1.0.1/hardware/tools/avr/bin/../lib/gcc/avr/4.3.2/../../../../avr/lib\libcore.a(wiring.c.o)
 .debug_aranges
                0x000000b0       0x30 e:/d_backup/tech/arduino-1.0.1-windows/arduino-1.0.1/hardware/tools/avr/bin/../lib/gcc/avr/4.3.2/../../../../avr/lib\libcore.a(wiring_analog.c.o)
 .debug_aranges
                0x000000e0       0x38 e:/d_backup/tech/arduino-1.0.1-windows/arduino-1.0.1/hardware/tools/avr/bin/../lib/gcc/avr/4.3.2/../../../../avr/lib\libcore.a(wiring_digital.c.o)
 .debug_aranges
                0x00000118       0x20 e:/d_backup/tech/arduino-1.0.1-windows/arduino-1.0.1/hardware/tools/avr/bin/../lib/gcc/avr/4.3.2/../../../../avr/lib\libcore.a(wiring_pulse.c.o)
 .debug_aranges
                0x00000138       0xd8 e:/d_backup/tech/arduino-1.0.1-windows/arduino-1.0.1/hardware/tools/avr/bin/../lib/gcc/avr/4.3.2/../../../../avr/lib\libcore.a(HardwareSerial.cpp.o)
 .debug_aranges
                0x00000210       0x48 e:/d_backup/tech/arduino-1.0.1-windows/arduino-1.0.1/hardware/tools/avr/bin/../lib/gcc/avr/4.3.2/../../../../avr/lib\libcore.a(new.cpp.o)
 .debug_aranges
                0x00000258       0xf0 e:/d_backup/tech/arduino-1.0.1-windows/arduino-1.0.1/hardware/tools/avr/bin/../lib/gcc/avr/4.3.2/../../../../avr/lib\libcore.a(Print.cpp.o)
 .debug_aranges
                0x00000348       0x98 e:/d_backup/tech/arduino-1.0.1-windows/arduino-1.0.1/hardware/tools/avr/bin/../lib/gcc/avr/4.3.2/../../../../avr/lib\libcore.a(Stream.cpp.o)
 .debug_aranges
                0x000003e0      0x260 e:/d_backup/tech/arduino-1.0.1-windows/arduino-1.0.1/hardware/tools/avr/bin/../lib/gcc/avr/4.3.2/../../../../avr/lib\libcore.a(WString.cpp.o)

.debug_pubnames
                0x00000000      0xf08
 *(.debug_pubnames)
 .debug_pubnames
                0x00000000       0xb2 e:/d_backup/tech/arduino-1.0.1-windows/arduino-1.0.1/hardware/tools/avr/bin/../lib/gcc/avr/4.3.2/../../../../avr/lib\libcore.a(WInterrupts.c.o)
 .debug_pubnames
                0x000000b2       0x8d e:/d_backup/tech/arduino-1.0.1-windows/arduino-1.0.1/hardware/tools/avr/bin/../lib/gcc/avr/4.3.2/../../../../avr/lib\libcore.a(wiring.c.o)
 .debug_pubnames
                0x0000013f       0x5a e:/d_backup/tech/arduino-1.0.1-windows/arduino-1.0.1/hardware/tools/avr/bin/../lib/gcc/avr/4.3.2/../../../../avr/lib\libcore.a(wiring_analog.c.o)
 .debug_pubnames
                0x00000199       0xda e:/d_backup/tech/arduino-1.0.1-windows/arduino-1.0.1/hardware/tools/avr/bin/../lib/gcc/avr/4.3.2/../../../../avr/lib\libcore.a(wiring_digital.c.o)
 .debug_pubnames
                0x00000273       0x1e e:/d_backup/tech/arduino-1.0.1-windows/arduino-1.0.1/hardware/tools/avr/bin/../lib/gcc/avr/4.3.2/../../../../avr/lib\libcore.a(wiring_pulse.c.o)
 .debug_pubnames
                0x00000291      0x2ab e:/d_backup/tech/arduino-1.0.1-windows/arduino-1.0.1/hardware/tools/avr/bin/../lib/gcc/avr/4.3.2/../../../../avr/lib\libcore.a(HardwareSerial.cpp.o)
 .debug_pubnames
                0x0000053c       0x94 e:/d_backup/tech/arduino-1.0.1-windows/arduino-1.0.1/hardware/tools/avr/bin/../lib/gcc/avr/4.3.2/../../../../avr/lib\libcore.a(new.cpp.o)
 .debug_pubnames
                0x000005d0      0x200 e:/d_backup/tech/arduino-1.0.1-windows/arduino-1.0.1/hardware/tools/avr/bin/../lib/gcc/avr/4.3.2/../../../../avr/lib\libcore.a(Print.cpp.o)
 .debug_pubnames
                0x000007d0      0x179 e:/d_backup/tech/arduino-1.0.1-windows/arduino-1.0.1/hardware/tools/avr/bin/../lib/gcc/avr/4.3.2/../../../../avr/lib\libcore.a(Stream.cpp.o)
 .debug_pubnames
                0x00000949      0x5bf e:/d_backup/tech/arduino-1.0.1-windows/arduino-1.0.1/hardware/tools/avr/bin/../lib/gcc/avr/4.3.2/../../../../avr/lib\libcore.a(WString.cpp.o)

.debug_info     0x00000000     0x808e
 *(.debug_info)
 .debug_info    0x00000000      0x2d2 e:/d_backup/tech/arduino-1.0.1-windows/arduino-1.0.1/hardware/tools/avr/bin/../lib/gcc/avr/4.3.2/../../../../avr/lib\libcore.a(WInterrupts.c.o)
 .debug_info    0x000002d2      0x37a e:/d_backup/tech/arduino-1.0.1-windows/arduino-1.0.1/hardware/tools/avr/bin/../lib/gcc/avr/4.3.2/../../../../avr/lib\libcore.a(wiring.c.o)
 .debug_info    0x0000064c      0x289 e:/d_backup/tech/arduino-1.0.1-windows/arduino-1.0.1/hardware/tools/avr/bin/../lib/gcc/avr/4.3.2/../../../../avr/lib\libcore.a(wiring_analog.c.o)
 .debug_info    0x000008d5      0x5d3 e:/d_backup/tech/arduino-1.0.1-windows/arduino-1.0.1/hardware/tools/avr/bin/../lib/gcc/avr/4.3.2/../../../../avr/lib\libcore.a(wiring_digital.c.o)
 .debug_info    0x00000ea8      0x347 e:/d_backup/tech/arduino-1.0.1-windows/arduino-1.0.1/hardware/tools/avr/bin/../lib/gcc/avr/4.3.2/../../../../avr/lib\libcore.a(wiring_pulse.c.o)
 .debug_info    0x000011ef     0x1ce4 e:/d_backup/tech/arduino-1.0.1-windows/arduino-1.0.1/hardware/tools/avr/bin/../lib/gcc/avr/4.3.2/../../../../avr/lib\libcore.a(HardwareSerial.cpp.o)
 .debug_info    0x00002ed3      0x13b e:/d_backup/tech/arduino-1.0.1-windows/arduino-1.0.1/hardware/tools/avr/bin/../lib/gcc/avr/4.3.2/../../../../avr/lib\libcore.a(new.cpp.o)
 .debug_info    0x0000300e     0x1ad5 e:/d_backup/tech/arduino-1.0.1-windows/arduino-1.0.1/hardware/tools/avr/bin/../lib/gcc/avr/4.3.2/../../../../avr/lib\libcore.a(Print.cpp.o)
 .debug_info    0x00004ae3     0x13e6 e:/d_backup/tech/arduino-1.0.1-windows/arduino-1.0.1/hardware/tools/avr/bin/../lib/gcc/avr/4.3.2/../../../../avr/lib\libcore.a(Stream.cpp.o)
 .debug_info    0x00005ec9     0x21c5 e:/d_backup/tech/arduino-1.0.1-windows/arduino-1.0.1/hardware/tools/avr/bin/../lib/gcc/avr/4.3.2/../../../../avr/lib\libcore.a(WString.cpp.o)
 *(.gnu.linkonce.wi.*)

.debug_abbrev   0x00000000     0x148e
 *(.debug_abbrev)
 .debug_abbrev  0x00000000       0xfc e:/d_backup/tech/arduino-1.0.1-windows/arduino-1.0.1/hardware/tools/avr/bin/../lib/gcc/avr/4.3.2/../../../../avr/lib\libcore.a(WInterrupts.c.o)
 .debug_abbrev  0x000000fc      0x17d e:/d_backup/tech/arduino-1.0.1-windows/arduino-1.0.1/hardware/tools/avr/bin/../lib/gcc/avr/4.3.2/../../../../avr/lib\libcore.a(wiring.c.o)
 .debug_abbrev  0x00000279      0x117 e:/d_backup/tech/arduino-1.0.1-windows/arduino-1.0.1/hardware/tools/avr/bin/../lib/gcc/avr/4.3.2/../../../../avr/lib\libcore.a(wiring_analog.c.o)
 .debug_abbrev  0x00000390      0x167 e:/d_backup/tech/arduino-1.0.1-windows/arduino-1.0.1/hardware/tools/avr/bin/../lib/gcc/avr/4.3.2/../../../../avr/lib\libcore.a(wiring_digital.c.o)
 .debug_abbrev  0x000004f7       0xf8 e:/d_backup/tech/arduino-1.0.1-windows/arduino-1.0.1/hardware/tools/avr/bin/../lib/gcc/avr/4.3.2/../../../../avr/lib\libcore.a(wiring_pulse.c.o)
 .debug_abbrev  0x000005ef      0x461 e:/d_backup/tech/arduino-1.0.1-windows/arduino-1.0.1/hardware/tools/avr/bin/../lib/gcc/avr/4.3.2/../../../../avr/lib\libcore.a(HardwareSerial.cpp.o)
 .debug_abbrev  0x00000a50       0xdd e:/d_backup/tech/arduino-1.0.1-windows/arduino-1.0.1/hardware/tools/avr/bin/../lib/gcc/avr/4.3.2/../../../../avr/lib\libcore.a(new.cpp.o)
 .debug_abbrev  0x00000b2d      0x336 e:/d_backup/tech/arduino-1.0.1-windows/arduino-1.0.1/hardware/tools/avr/bin/../lib/gcc/avr/4.3.2/../../../../avr/lib\libcore.a(Print.cpp.o)
 .debug_abbrev  0x00000e63      0x2e8 e:/d_backup/tech/arduino-1.0.1-windows/arduino-1.0.1/hardware/tools/avr/bin/../lib/gcc/avr/4.3.2/../../../../avr/lib\libcore.a(Stream.cpp.o)
 .debug_abbrev  0x0000114b      0x343 e:/d_backup/tech/arduino-1.0.1-windows/arduino-1.0.1/hardware/tools/avr/bin/../lib/gcc/avr/4.3.2/../../../../avr/lib\libcore.a(WString.cpp.o)

.debug_line     0x00000000     0x3ed4
 *(.debug_line)
 .debug_line    0x00000000      0x45d e:/d_backup/tech/arduino-1.0.1-windows/arduino-1.0.1/hardware/tools/avr/bin/../lib/gcc/avr/4.3.2/../../../../avr/lib\libcore.a(WInterrupts.c.o)
 .debug_line    0x0000045d      0x43d e:/d_backup/tech/arduino-1.0.1-windows/arduino-1.0.1/hardware/tools/avr/bin/../lib/gcc/avr/4.3.2/../../../../avr/lib\libcore.a(wiring.c.o)
 .debug_line    0x0000089a      0x39d e:/d_backup/tech/arduino-1.0.1-windows/arduino-1.0.1/hardware/tools/avr/bin/../lib/gcc/avr/4.3.2/../../../../avr/lib\libcore.a(wiring_analog.c.o)
 .debug_line    0x00000c37      0x38d e:/d_backup/tech/arduino-1.0.1-windows/arduino-1.0.1/hardware/tools/avr/bin/../lib/gcc/avr/4.3.2/../../../../avr/lib\libcore.a(wiring_digital.c.o)
 .debug_line    0x00000fc4      0x268 e:/d_backup/tech/arduino-1.0.1-windows/arduino-1.0.1/hardware/tools/avr/bin/../lib/gcc/avr/4.3.2/../../../../avr/lib\libcore.a(wiring_pulse.c.o)
 .debug_line    0x0000122c      0xab8 e:/d_backup/tech/arduino-1.0.1-windows/arduino-1.0.1/hardware/tools/avr/bin/../lib/gcc/avr/4.3.2/../../../../avr/lib\libcore.a(HardwareSerial.cpp.o)
 .debug_line    0x00001ce4      0x21e e:/d_backup/tech/arduino-1.0.1-windows/arduino-1.0.1/hardware/tools/avr/bin/../lib/gcc/avr/4.3.2/../../../../avr/lib\libcore.a(new.cpp.o)
 .debug_line    0x00001f02      0x7a9 e:/d_backup/tech/arduino-1.0.1-windows/arduino-1.0.1/hardware/tools/avr/bin/../lib/gcc/avr/4.3.2/../../../../avr/lib\libcore.a(Print.cpp.o)
 .debug_line    0x000026ab      0x6ab e:/d_backup/tech/arduino-1.0.1-windows/arduino-1.0.1/hardware/tools/avr/bin/../lib/gcc/avr/4.3.2/../../../../avr/lib\libcore.a(Stream.cpp.o)
 .debug_line    0x00002d56     0x117e e:/d_backup/tech/arduino-1.0.1-windows/arduino-1.0.1/hardware/tools/avr/bin/../lib/gcc/avr/4.3.2/../../../../avr/lib\libcore.a(WString.cpp.o)

.debug_frame    0x00000000      0xb40
 *(.debug_frame)
 .debug_frame   0x00000000       0xb0 e:/d_backup/tech/arduino-1.0.1-windows/arduino-1.0.1/hardware/tools/avr/bin/../lib/gcc/avr/4.3.2/../../../../avr/lib\libcore.a(WInterrupts.c.o)
 .debug_frame   0x000000b0       0x70 e:/d_backup/tech/arduino-1.0.1-windows/arduino-1.0.1/hardware/tools/avr/bin/../lib/gcc/avr/4.3.2/../../../../avr/lib\libcore.a(wiring.c.o)
 .debug_frame   0x00000120       0x40 e:/d_backup/tech/arduino-1.0.1-windows/arduino-1.0.1/hardware/tools/avr/bin/../lib/gcc/avr/4.3.2/../../../../avr/lib\libcore.a(wiring_analog.c.o)
 .debug_frame   0x00000160       0x50 e:/d_backup/tech/arduino-1.0.1-windows/arduino-1.0.1/hardware/tools/avr/bin/../lib/gcc/avr/4.3.2/../../../../avr/lib\libcore.a(wiring_digital.c.o)
 .debug_frame   0x000001b0       0x20 e:/d_backup/tech/arduino-1.0.1-windows/arduino-1.0.1/hardware/tools/avr/bin/../lib/gcc/avr/4.3.2/../../../../avr/lib\libcore.a(wiring_pulse.c.o)
 .debug_frame   0x000001d0      0x190 e:/d_backup/tech/arduino-1.0.1-windows/arduino-1.0.1/hardware/tools/avr/bin/../lib/gcc/avr/4.3.2/../../../../avr/lib\libcore.a(HardwareSerial.cpp.o)
 .debug_frame   0x00000360       0x70 e:/d_backup/tech/arduino-1.0.1-windows/arduino-1.0.1/hardware/tools/avr/bin/../lib/gcc/avr/4.3.2/../../../../avr/lib\libcore.a(new.cpp.o)
 .debug_frame   0x000003d0      0x1c0 e:/d_backup/tech/arduino-1.0.1-windows/arduino-1.0.1/hardware/tools/avr/bin/../lib/gcc/avr/4.3.2/../../../../avr/lib\libcore.a(Print.cpp.o)
 .debug_frame   0x00000590      0x110 e:/d_backup/tech/arduino-1.0.1-windows/arduino-1.0.1/hardware/tools/avr/bin/../lib/gcc/avr/4.3.2/../../../../avr/lib\libcore.a(Stream.cpp.o)
 .debug_frame   0x000006a0      0x4a0 e:/d_backup/tech/arduino-1.0.1-windows/arduino-1.0.1/hardware/tools/avr/bin/../lib/gcc/avr/4.3.2/../../../../avr/lib\libcore.a(WString.cpp.o)

.debug_str      0x00000000     0x1986
 *(.debug_str)
 .debug_str     0x00000000      0x166 e:/d_backup/tech/arduino-1.0.1-windows/arduino-1.0.1/hardware/tools/avr/bin/../lib/gcc/avr/4.3.2/../../../../avr/lib\libcore.a(WInterrupts.c.o)
                                0x19f (size before relaxing)
 .debug_str     0x00000166       0xd5 e:/d_backup/tech/arduino-1.0.1-windows/arduino-1.0.1/hardware/tools/avr/bin/../lib/gcc/avr/4.3.2/../../../../avr/lib\libcore.a(wiring.c.o)
                                0x172 (size before relaxing)
 .debug_str     0x0000023b       0xcc e:/d_backup/tech/arduino-1.0.1-windows/arduino-1.0.1/hardware/tools/avr/bin/../lib/gcc/avr/4.3.2/../../../../avr/lib\libcore.a(wiring_analog.c.o)
                                0x170 (size before relaxing)
 .debug_str     0x00000307      0x106 e:/d_backup/tech/arduino-1.0.1-windows/arduino-1.0.1/hardware/tools/avr/bin/../lib/gcc/avr/4.3.2/../../../../avr/lib\libcore.a(wiring_digital.c.o)
                                0x1dd (size before relaxing)
 .debug_str     0x0000040d       0x93 e:/d_backup/tech/arduino-1.0.1-windows/arduino-1.0.1/hardware/tools/avr/bin/../lib/gcc/avr/4.3.2/../../../../avr/lib\libcore.a(wiring_pulse.c.o)
                                0x197 (size before relaxing)
 .debug_str     0x000004a0      0xd7c e:/d_backup/tech/arduino-1.0.1-windows/arduino-1.0.1/hardware/tools/avr/bin/../lib/gcc/avr/4.3.2/../../../../avr/lib\libcore.a(HardwareSerial.cpp.o)
                                0xe86 (size before relaxing)
 .debug_str     0x0000121c       0xdb e:/d_backup/tech/arduino-1.0.1-windows/arduino-1.0.1/hardware/tools/avr/bin/../lib/gcc/avr/4.3.2/../../../../avr/lib\libcore.a(new.cpp.o)
                                0x119 (size before relaxing)
 .debug_str     0x000012f7      0x3de e:/d_backup/tech/arduino-1.0.1-windows/arduino-1.0.1/hardware/tools/avr/bin/../lib/gcc/avr/4.3.2/../../../../avr/lib\libcore.a(Print.cpp.o)
                                0xc0f (size before relaxing)
 .debug_str     0x000016d5       0xc9 e:/d_backup/tech/arduino-1.0.1-windows/arduino-1.0.1/hardware/tools/avr/bin/../lib/gcc/avr/4.3.2/../../../../avr/lib\libcore.a(Stream.cpp.o)
                                0xb63 (size before relaxing)
 .debug_str     0x0000179e      0x1e8 e:/d_backup/tech/arduino-1.0.1-windows/arduino-1.0.1/hardware/tools/avr/bin/../lib/gcc/avr/4.3.2/../../../../avr/lib\libcore.a(WString.cpp.o)
                                0x9ab (size before relaxing)

.debug_loc      0x00000000     0x4214
 *(.debug_loc)
 .debug_loc     0x00000000       0x93 e:/d_backup/tech/arduino-1.0.1-windows/arduino-1.0.1/hardware/tools/avr/bin/../lib/gcc/avr/4.3.2/../../../../avr/lib\libcore.a(WInterrupts.c.o)
 .debug_loc     0x00000093      0x16d e:/d_backup/tech/arduino-1.0.1-windows/arduino-1.0.1/hardware/tools/avr/bin/../lib/gcc/avr/4.3.2/../../../../avr/lib\libcore.a(wiring.c.o)
 .debug_loc     0x00000200      0x19d e:/d_backup/tech/arduino-1.0.1-windows/arduino-1.0.1/hardware/tools/avr/bin/../lib/gcc/avr/4.3.2/../../../../avr/lib\libcore.a(wiring_analog.c.o)
 .debug_loc     0x0000039d      0x25a e:/d_backup/tech/arduino-1.0.1-windows/arduino-1.0.1/hardware/tools/avr/bin/../lib/gcc/avr/4.3.2/../../../../avr/lib\libcore.a(wiring_digital.c.o)
 .debug_loc     0x000005f7      0x279 e:/d_backup/tech/arduino-1.0.1-windows/arduino-1.0.1/hardware/tools/avr/bin/../lib/gcc/avr/4.3.2/../../../../avr/lib\libcore.a(wiring_pulse.c.o)
 .debug_loc     0x00000870      0x3ee e:/d_backup/tech/arduino-1.0.1-windows/arduino-1.0.1/hardware/tools/avr/bin/../lib/gcc/avr/4.3.2/../../../../avr/lib\libcore.a(HardwareSerial.cpp.o)
 .debug_loc     0x00000c5e       0x80 e:/d_backup/tech/arduino-1.0.1-windows/arduino-1.0.1/hardware/tools/avr/bin/../lib/gcc/avr/4.3.2/../../../../avr/lib\libcore.a(new.cpp.o)
 .debug_loc     0x00000cde      0xd88 e:/d_backup/tech/arduino-1.0.1-windows/arduino-1.0.1/hardware/tools/avr/bin/../lib/gcc/avr/4.3.2/../../../../avr/lib\libcore.a(Print.cpp.o)
 .debug_loc     0x00001a66      0x8a9 e:/d_backup/tech/arduino-1.0.1-windows/arduino-1.0.1/hardware/tools/avr/bin/../lib/gcc/avr/4.3.2/../../../../avr/lib\libcore.a(Stream.cpp.o)
 .debug_loc     0x0000230f     0x1f05 e:/d_backup/tech/arduino-1.0.1-windows/arduino-1.0.1/hardware/tools/avr/bin/../lib/gcc/avr/4.3.2/../../../../avr/lib\libcore.a(WString.cpp.o)

.debug_macinfo
 *(.debug_macinfo)
OUTPUT(Template.elf elf32-avr)
LOAD linker stubs

.debug_ranges   0x00000000      0x608
 .debug_ranges  0x00000000       0x60 e:/d_backup/tech/arduino-1.0.1-windows/arduino-1.0.1/hardware/tools/avr/bin/../lib/gcc/avr/4.3.2/../../../../avr/lib\libcore.a(WInterrupts.c.o)
 .debug_ranges  0x00000060       0x40 e:/d_backup/tech/arduino-1.0.1-windows/arduino-1.0.1/hardware/tools/avr/bin/../lib/gcc/avr/4.3.2/../../../../avr/lib\libcore.a(wiring.c.o)
 .debug_ranges  0x000000a0       0x28 e:/d_backup/tech/arduino-1.0.1-windows/arduino-1.0.1/hardware/tools/avr/bin/../lib/gcc/avr/4.3.2/../../../../avr/lib\libcore.a(wiring_analog.c.o)
 .debug_ranges  0x000000c8       0x30 e:/d_backup/tech/arduino-1.0.1-windows/arduino-1.0.1/hardware/tools/avr/bin/../lib/gcc/avr/4.3.2/../../../../avr/lib\libcore.a(wiring_digital.c.o)
 .debug_ranges  0x000000f8       0x18 e:/d_backup/tech/arduino-1.0.1-windows/arduino-1.0.1/hardware/tools/avr/bin/../lib/gcc/avr/4.3.2/../../../../avr/lib\libcore.a(wiring_pulse.c.o)
 .debug_ranges  0x00000110       0xd0 e:/d_backup/tech/arduino-1.0.1-windows/arduino-1.0.1/hardware/tools/avr/bin/../lib/gcc/avr/4.3.2/../../../../avr/lib\libcore.a(HardwareSerial.cpp.o)
 .debug_ranges  0x000001e0       0x40 e:/d_backup/tech/arduino-1.0.1-windows/arduino-1.0.1/hardware/tools/avr/bin/../lib/gcc/avr/4.3.2/../../../../avr/lib\libcore.a(new.cpp.o)
 .debug_ranges  0x00000220       0xe8 e:/d_backup/tech/arduino-1.0.1-windows/arduino-1.0.1/hardware/tools/avr/bin/../lib/gcc/avr/4.3.2/../../../../avr/lib\libcore.a(Print.cpp.o)
 .debug_ranges  0x00000308       0x90 e:/d_backup/tech/arduino-1.0.1-windows/arduino-1.0.1/hardware/tools/avr/bin/../lib/gcc/avr/4.3.2/../../../../avr/lib\libcore.a(Stream.cpp.o)
 .debug_ranges  0x00000398      0x270 e:/d_backup/tech/arduino-1.0.1-windows/arduino-1.0.1/hardware/tools/avr/bin/../lib/gcc/avr/4.3.2/../../../../avr/lib\libcore.a(WString.cpp.o)

Cross Reference Table

Symbol                                            File
Encoder::interruptArgs                            ./Encoder/Encoder.o
FuzzyRule::FuzzyRule()                            ./FuzzyRule/FuzzyRule.o
FuzzyRule::FuzzyRule()                            ./FuzzyRule/FuzzyRule.o
                                                  ./FuzzySystem/FuzzySystem.o
FuzzyRule::FuzzyRule(int, int, int)               ./FuzzyRule/FuzzyRule.o
FuzzyRule::FuzzyRule(int, int, int)               ./FuzzyRule/FuzzyRule.o
FuzzyRule::~FuzzyRule()                           ./FuzzyRule/FuzzyRule.o
FuzzyRule::~FuzzyRule()                           ./FuzzyRule/FuzzyRule.o
FuzzyRule::~FuzzyRule()                           ./FuzzyRule/FuzzyRule.o
FuzzySet::FuzzySet()                              ./Fuzzy_Set/FuzzySet.o
                                                  ./FuzzySystem/FuzzySystem.o
FuzzySet::FuzzySet()                              ./Fuzzy_Set/FuzzySet.o
FuzzySet::FuzzySet(int, int)                      ./Fuzzy_Set/FuzzySet.o
FuzzySet::FuzzySet(int, int)                      ./Fuzzy_Set/FuzzySet.o
FuzzySet::FuzzySet(int, int, int)                 ./Fuzzy_Set/FuzzySet.o
                                                  ./main.o
FuzzySet::FuzzySet(int, int, int)                 ./Fuzzy_Set/FuzzySet.o
FuzzySet::calculateArea(float)                    ./Fuzzy_Set/FuzzySet.o
                                                  ./FuzzySystem/FuzzySystem.o
FuzzySet::calculateAreaProduct(float)             ./Fuzzy_Set/FuzzySet.o
                                                  ./FuzzySystem/FuzzySystem.o
FuzzySet::getCOG(float)                           ./Fuzzy_Set/FuzzySet.o
FuzzySet::getMembershipValue(int)                 ./Fuzzy_Set/FuzzySet.o
                                                  ./FuzzySystem/FuzzySystem.o
FuzzySet::~FuzzySet()                             ./Fuzzy_Set/FuzzySet.o
                                                  ./main.o
FuzzySet::~FuzzySet()                             ./Fuzzy_Set/FuzzySet.o
FuzzySet::~FuzzySet()                             ./Fuzzy_Set/FuzzySet.o
HardwareSerial::HardwareSerial(ring_buffer*, ring_buffer*, unsigned char volatile*, unsigned char volatile*, unsigned char volatile*, unsigned char volatile*, unsigned char volatile*, unsigned char, unsigned char, unsigned char, unsigned char, unsigned char) e:/d_backup/tech/arduino-1.0.1-windows/arduino-1.0.1/hardware/tools/avr/bin/../lib/gcc/avr/4.3.2/../../../../avr/lib\libcore.a(HardwareSerial.cpp.o)
HardwareSerial::HardwareSerial(ring_buffer*, ring_buffer*, unsigned char volatile*, unsigned char volatile*, unsigned char volatile*, unsigned char volatile*, unsigned char volatile*, unsigned char, unsigned char, unsigned char, unsigned char, unsigned char) e:/d_backup/tech/arduino-1.0.1-windows/arduino-1.0.1/hardware/tools/avr/bin/../lib/gcc/avr/4.3.2/../../../../avr/lib\libcore.a(HardwareSerial.cpp.o)
HardwareSerial::available()                       e:/d_backup/tech/arduino-1.0.1-windows/arduino-1.0.1/hardware/tools/avr/bin/../lib/gcc/avr/4.3.2/../../../../avr/lib\libcore.a(HardwareSerial.cpp.o)
                                                  ./main.o
HardwareSerial::begin(unsigned long)              e:/d_backup/tech/arduino-1.0.1-windows/arduino-1.0.1/hardware/tools/avr/bin/../lib/gcc/avr/4.3.2/../../../../avr/lib\libcore.a(HardwareSerial.cpp.o)
                                                  ./main.o
HardwareSerial::end()                             e:/d_backup/tech/arduino-1.0.1-windows/arduino-1.0.1/hardware/tools/avr/bin/../lib/gcc/avr/4.3.2/../../../../avr/lib\libcore.a(HardwareSerial.cpp.o)
HardwareSerial::flush()                           e:/d_backup/tech/arduino-1.0.1-windows/arduino-1.0.1/hardware/tools/avr/bin/../lib/gcc/avr/4.3.2/../../../../avr/lib\libcore.a(HardwareSerial.cpp.o)
HardwareSerial::operator bool()                   e:/d_backup/tech/arduino-1.0.1-windows/arduino-1.0.1/hardware/tools/avr/bin/../lib/gcc/avr/4.3.2/../../../../avr/lib\libcore.a(HardwareSerial.cpp.o)
HardwareSerial::peek()                            e:/d_backup/tech/arduino-1.0.1-windows/arduino-1.0.1/hardware/tools/avr/bin/../lib/gcc/avr/4.3.2/../../../../avr/lib\libcore.a(HardwareSerial.cpp.o)
HardwareSerial::read()                            e:/d_backup/tech/arduino-1.0.1-windows/arduino-1.0.1/hardware/tools/avr/bin/../lib/gcc/avr/4.3.2/../../../../avr/lib\libcore.a(HardwareSerial.cpp.o)
HardwareSerial::write(unsigned char)              e:/d_backup/tech/arduino-1.0.1-windows/arduino-1.0.1/hardware/tools/avr/bin/../lib/gcc/avr/4.3.2/../../../../avr/lib\libcore.a(HardwareSerial.cpp.o)
Motor::Motor(int, int, int)                       ./Motor/Motor.o
Motor::Motor(int, int, int)                       ./Motor/Motor.o
                                                  ./main.o
Motor::backward()                                 ./Motor/Motor.o
Motor::forward()                                  ./Motor/Motor.o
                                                  ./main.o
Motor::free()                                     ./Motor/Motor.o
Motor::readSpeed()                                ./Motor/Motor.o
Motor::setSpeed(int)                              ./Motor/Motor.o
                                                  ./main.o
Motor::start()                                    ./Motor/Motor.o
Motor::stop()                                     ./Motor/Motor.o
Print::print(Printable const&)                    e:/d_backup/tech/arduino-1.0.1-windows/arduino-1.0.1/hardware/tools/avr/bin/../lib/gcc/avr/4.3.2/../../../../avr/lib\libcore.a(Print.cpp.o)
Print::print(String const&)                       e:/d_backup/tech/arduino-1.0.1-windows/arduino-1.0.1/hardware/tools/avr/bin/../lib/gcc/avr/4.3.2/../../../../avr/lib\libcore.a(Print.cpp.o)
Print::print(__FlashStringHelper const*)          e:/d_backup/tech/arduino-1.0.1-windows/arduino-1.0.1/hardware/tools/avr/bin/../lib/gcc/avr/4.3.2/../../../../avr/lib\libcore.a(Print.cpp.o)
Print::print(char const*)                         e:/d_backup/tech/arduino-1.0.1-windows/arduino-1.0.1/hardware/tools/avr/bin/../lib/gcc/avr/4.3.2/../../../../avr/lib\libcore.a(Print.cpp.o)
Print::print(char)                                e:/d_backup/tech/arduino-1.0.1-windows/arduino-1.0.1/hardware/tools/avr/bin/../lib/gcc/avr/4.3.2/../../../../avr/lib\libcore.a(Print.cpp.o)
Print::print(double, int)                         e:/d_backup/tech/arduino-1.0.1-windows/arduino-1.0.1/hardware/tools/avr/bin/../lib/gcc/avr/4.3.2/../../../../avr/lib\libcore.a(Print.cpp.o)
Print::print(int, int)                            e:/d_backup/tech/arduino-1.0.1-windows/arduino-1.0.1/hardware/tools/avr/bin/../lib/gcc/avr/4.3.2/../../../../avr/lib\libcore.a(Print.cpp.o)
Print::print(long, int)                           e:/d_backup/tech/arduino-1.0.1-windows/arduino-1.0.1/hardware/tools/avr/bin/../lib/gcc/avr/4.3.2/../../../../avr/lib\libcore.a(Print.cpp.o)
Print::print(unsigned char, int)                  e:/d_backup/tech/arduino-1.0.1-windows/arduino-1.0.1/hardware/tools/avr/bin/../lib/gcc/avr/4.3.2/../../../../avr/lib\libcore.a(Print.cpp.o)
Print::print(unsigned int, int)                   e:/d_backup/tech/arduino-1.0.1-windows/arduino-1.0.1/hardware/tools/avr/bin/../lib/gcc/avr/4.3.2/../../../../avr/lib\libcore.a(Print.cpp.o)
Print::print(unsigned long, int)                  e:/d_backup/tech/arduino-1.0.1-windows/arduino-1.0.1/hardware/tools/avr/bin/../lib/gcc/avr/4.3.2/../../../../avr/lib\libcore.a(Print.cpp.o)
Print::printFloat(double, unsigned char)          e:/d_backup/tech/arduino-1.0.1-windows/arduino-1.0.1/hardware/tools/avr/bin/../lib/gcc/avr/4.3.2/../../../../avr/lib\libcore.a(Print.cpp.o)
Print::printNumber(unsigned long, unsigned char)  e:/d_backup/tech/arduino-1.0.1-windows/arduino-1.0.1/hardware/tools/avr/bin/../lib/gcc/avr/4.3.2/../../../../avr/lib\libcore.a(Print.cpp.o)
Print::println()                                  e:/d_backup/tech/arduino-1.0.1-windows/arduino-1.0.1/hardware/tools/avr/bin/../lib/gcc/avr/4.3.2/../../../../avr/lib\libcore.a(Print.cpp.o)
Print::println(Printable const&)                  e:/d_backup/tech/arduino-1.0.1-windows/arduino-1.0.1/hardware/tools/avr/bin/../lib/gcc/avr/4.3.2/../../../../avr/lib\libcore.a(Print.cpp.o)
Print::println(String const&)                     e:/d_backup/tech/arduino-1.0.1-windows/arduino-1.0.1/hardware/tools/avr/bin/../lib/gcc/avr/4.3.2/../../../../avr/lib\libcore.a(Print.cpp.o)
Print::println(__FlashStringHelper const*)        e:/d_backup/tech/arduino-1.0.1-windows/arduino-1.0.1/hardware/tools/avr/bin/../lib/gcc/avr/4.3.2/../../../../avr/lib\libcore.a(Print.cpp.o)
Print::println(char const*)                       e:/d_backup/tech/arduino-1.0.1-windows/arduino-1.0.1/hardware/tools/avr/bin/../lib/gcc/avr/4.3.2/../../../../avr/lib\libcore.a(Print.cpp.o)
                                                  ./main.o
Print::println(char)                              e:/d_backup/tech/arduino-1.0.1-windows/arduino-1.0.1/hardware/tools/avr/bin/../lib/gcc/avr/4.3.2/../../../../avr/lib\libcore.a(Print.cpp.o)
Print::println(double, int)                       e:/d_backup/tech/arduino-1.0.1-windows/arduino-1.0.1/hardware/tools/avr/bin/../lib/gcc/avr/4.3.2/../../../../avr/lib\libcore.a(Print.cpp.o)
Print::println(int, int)                          e:/d_backup/tech/arduino-1.0.1-windows/arduino-1.0.1/hardware/tools/avr/bin/../lib/gcc/avr/4.3.2/../../../../avr/lib\libcore.a(Print.cpp.o)
                                                  ./main.o
Print::println(long, int)                         e:/d_backup/tech/arduino-1.0.1-windows/arduino-1.0.1/hardware/tools/avr/bin/../lib/gcc/avr/4.3.2/../../../../avr/lib\libcore.a(Print.cpp.o)
Print::println(unsigned char, int)                e:/d_backup/tech/arduino-1.0.1-windows/arduino-1.0.1/hardware/tools/avr/bin/../lib/gcc/avr/4.3.2/../../../../avr/lib\libcore.a(Print.cpp.o)
Print::println(unsigned int, int)                 e:/d_backup/tech/arduino-1.0.1-windows/arduino-1.0.1/hardware/tools/avr/bin/../lib/gcc/avr/4.3.2/../../../../avr/lib\libcore.a(Print.cpp.o)
Print::println(unsigned long, int)                e:/d_backup/tech/arduino-1.0.1-windows/arduino-1.0.1/hardware/tools/avr/bin/../lib/gcc/avr/4.3.2/../../../../avr/lib\libcore.a(Print.cpp.o)
Print::write(char const*)                         e:/d_backup/tech/arduino-1.0.1-windows/arduino-1.0.1/hardware/tools/avr/bin/../lib/gcc/avr/4.3.2/../../../../avr/lib\libcore.a(Print.cpp.o)
Print::write(unsigned char const*, unsigned int)  e:/d_backup/tech/arduino-1.0.1-windows/arduino-1.0.1/hardware/tools/avr/bin/../lib/gcc/avr/4.3.2/../../../../avr/lib\libcore.a(Print.cpp.o)
                                                  e:/d_backup/tech/arduino-1.0.1-windows/arduino-1.0.1/hardware/tools/avr/bin/../lib/gcc/avr/4.3.2/../../../../avr/lib\libcore.a(HardwareSerial.cpp.o)
Serial                                            e:/d_backup/tech/arduino-1.0.1-windows/arduino-1.0.1/hardware/tools/avr/bin/../lib/gcc/avr/4.3.2/../../../../avr/lib\libcore.a(HardwareSerial.cpp.o)
                                                  ./main.o
Serial1                                           e:/d_backup/tech/arduino-1.0.1-windows/arduino-1.0.1/hardware/tools/avr/bin/../lib/gcc/avr/4.3.2/../../../../avr/lib\libcore.a(HardwareSerial.cpp.o)
Serial2                                           e:/d_backup/tech/arduino-1.0.1-windows/arduino-1.0.1/hardware/tools/avr/bin/../lib/gcc/avr/4.3.2/../../../../avr/lib\libcore.a(HardwareSerial.cpp.o)
Serial3                                           e:/d_backup/tech/arduino-1.0.1-windows/arduino-1.0.1/hardware/tools/avr/bin/../lib/gcc/avr/4.3.2/../../../../avr/lib\libcore.a(HardwareSerial.cpp.o)
Stream::find(char*)                               e:/d_backup/tech/arduino-1.0.1-windows/arduino-1.0.1/hardware/tools/avr/bin/../lib/gcc/avr/4.3.2/../../../../avr/lib\libcore.a(Stream.cpp.o)
Stream::find(char*, unsigned int)                 e:/d_backup/tech/arduino-1.0.1-windows/arduino-1.0.1/hardware/tools/avr/bin/../lib/gcc/avr/4.3.2/../../../../avr/lib\libcore.a(Stream.cpp.o)
Stream::findUntil(char*, char*)                   e:/d_backup/tech/arduino-1.0.1-windows/arduino-1.0.1/hardware/tools/avr/bin/../lib/gcc/avr/4.3.2/../../../../avr/lib\libcore.a(Stream.cpp.o)
Stream::findUntil(char*, unsigned int, char*, unsigned int) e:/d_backup/tech/arduino-1.0.1-windows/arduino-1.0.1/hardware/tools/avr/bin/../lib/gcc/avr/4.3.2/../../../../avr/lib\libcore.a(Stream.cpp.o)
Stream::parseFloat()                              e:/d_backup/tech/arduino-1.0.1-windows/arduino-1.0.1/hardware/tools/avr/bin/../lib/gcc/avr/4.3.2/../../../../avr/lib\libcore.a(Stream.cpp.o)
Stream::parseFloat(char)                          e:/d_backup/tech/arduino-1.0.1-windows/arduino-1.0.1/hardware/tools/avr/bin/../lib/gcc/avr/4.3.2/../../../../avr/lib\libcore.a(Stream.cpp.o)
Stream::parseInt()                                e:/d_backup/tech/arduino-1.0.1-windows/arduino-1.0.1/hardware/tools/avr/bin/../lib/gcc/avr/4.3.2/../../../../avr/lib\libcore.a(Stream.cpp.o)
                                                  ./main.o
Stream::parseInt(char)                            e:/d_backup/tech/arduino-1.0.1-windows/arduino-1.0.1/hardware/tools/avr/bin/../lib/gcc/avr/4.3.2/../../../../avr/lib\libcore.a(Stream.cpp.o)
Stream::peekNextDigit()                           e:/d_backup/tech/arduino-1.0.1-windows/arduino-1.0.1/hardware/tools/avr/bin/../lib/gcc/avr/4.3.2/../../../../avr/lib\libcore.a(Stream.cpp.o)
Stream::readBytes(char*, unsigned int)            e:/d_backup/tech/arduino-1.0.1-windows/arduino-1.0.1/hardware/tools/avr/bin/../lib/gcc/avr/4.3.2/../../../../avr/lib\libcore.a(Stream.cpp.o)
Stream::readBytesUntil(char, char*, unsigned int) e:/d_backup/tech/arduino-1.0.1-windows/arduino-1.0.1/hardware/tools/avr/bin/../lib/gcc/avr/4.3.2/../../../../avr/lib\libcore.a(Stream.cpp.o)
Stream::readString()                              e:/d_backup/tech/arduino-1.0.1-windows/arduino-1.0.1/hardware/tools/avr/bin/../lib/gcc/avr/4.3.2/../../../../avr/lib\libcore.a(Stream.cpp.o)
Stream::readStringUntil(char)                     e:/d_backup/tech/arduino-1.0.1-windows/arduino-1.0.1/hardware/tools/avr/bin/../lib/gcc/avr/4.3.2/../../../../avr/lib\libcore.a(Stream.cpp.o)
Stream::setTimeout(unsigned long)                 e:/d_backup/tech/arduino-1.0.1-windows/arduino-1.0.1/hardware/tools/avr/bin/../lib/gcc/avr/4.3.2/../../../../avr/lib\libcore.a(Stream.cpp.o)
Stream::timedPeek()                               e:/d_backup/tech/arduino-1.0.1-windows/arduino-1.0.1/hardware/tools/avr/bin/../lib/gcc/avr/4.3.2/../../../../avr/lib\libcore.a(Stream.cpp.o)
Stream::timedRead()                               e:/d_backup/tech/arduino-1.0.1-windows/arduino-1.0.1/hardware/tools/avr/bin/../lib/gcc/avr/4.3.2/../../../../avr/lib\libcore.a(Stream.cpp.o)
String::String(String const&)                     e:/d_backup/tech/arduino-1.0.1-windows/arduino-1.0.1/hardware/tools/avr/bin/../lib/gcc/avr/4.3.2/../../../../avr/lib\libcore.a(WString.cpp.o)
String::String(String const&)                     e:/d_backup/tech/arduino-1.0.1-windows/arduino-1.0.1/hardware/tools/avr/bin/../lib/gcc/avr/4.3.2/../../../../avr/lib\libcore.a(WString.cpp.o)
String::String(char const*)                       e:/d_backup/tech/arduino-1.0.1-windows/arduino-1.0.1/hardware/tools/avr/bin/../lib/gcc/avr/4.3.2/../../../../avr/lib\libcore.a(WString.cpp.o)
String::String(char const*)                       e:/d_backup/tech/arduino-1.0.1-windows/arduino-1.0.1/hardware/tools/avr/bin/../lib/gcc/avr/4.3.2/../../../../avr/lib\libcore.a(WString.cpp.o)
                                                  e:/d_backup/tech/arduino-1.0.1-windows/arduino-1.0.1/hardware/tools/avr/bin/../lib/gcc/avr/4.3.2/../../../../avr/lib\libcore.a(Stream.cpp.o)
String::String(char)                              e:/d_backup/tech/arduino-1.0.1-windows/arduino-1.0.1/hardware/tools/avr/bin/../lib/gcc/avr/4.3.2/../../../../avr/lib\libcore.a(WString.cpp.o)
String::String(char)                              e:/d_backup/tech/arduino-1.0.1-windows/arduino-1.0.1/hardware/tools/avr/bin/../lib/gcc/avr/4.3.2/../../../../avr/lib\libcore.a(WString.cpp.o)
String::String(int, unsigned char)                e:/d_backup/tech/arduino-1.0.1-windows/arduino-1.0.1/hardware/tools/avr/bin/../lib/gcc/avr/4.3.2/../../../../avr/lib\libcore.a(WString.cpp.o)
String::String(int, unsigned char)                e:/d_backup/tech/arduino-1.0.1-windows/arduino-1.0.1/hardware/tools/avr/bin/../lib/gcc/avr/4.3.2/../../../../avr/lib\libcore.a(WString.cpp.o)
String::String(long, unsigned char)               e:/d_backup/tech/arduino-1.0.1-windows/arduino-1.0.1/hardware/tools/avr/bin/../lib/gcc/avr/4.3.2/../../../../avr/lib\libcore.a(WString.cpp.o)
String::String(long, unsigned char)               e:/d_backup/tech/arduino-1.0.1-windows/arduino-1.0.1/hardware/tools/avr/bin/../lib/gcc/avr/4.3.2/../../../../avr/lib\libcore.a(WString.cpp.o)
String::String(unsigned char, unsigned char)      e:/d_backup/tech/arduino-1.0.1-windows/arduino-1.0.1/hardware/tools/avr/bin/../lib/gcc/avr/4.3.2/../../../../avr/lib\libcore.a(WString.cpp.o)
String::String(unsigned char, unsigned char)      e:/d_backup/tech/arduino-1.0.1-windows/arduino-1.0.1/hardware/tools/avr/bin/../lib/gcc/avr/4.3.2/../../../../avr/lib\libcore.a(WString.cpp.o)
String::String(unsigned int, unsigned char)       e:/d_backup/tech/arduino-1.0.1-windows/arduino-1.0.1/hardware/tools/avr/bin/../lib/gcc/avr/4.3.2/../../../../avr/lib\libcore.a(WString.cpp.o)
String::String(unsigned int, unsigned char)       e:/d_backup/tech/arduino-1.0.1-windows/arduino-1.0.1/hardware/tools/avr/bin/../lib/gcc/avr/4.3.2/../../../../avr/lib\libcore.a(WString.cpp.o)
String::String(unsigned long, unsigned char)      e:/d_backup/tech/arduino-1.0.1-windows/arduino-1.0.1/hardware/tools/avr/bin/../lib/gcc/avr/4.3.2/../../../../avr/lib\libcore.a(WString.cpp.o)
String::String(unsigned long, unsigned char)      e:/d_backup/tech/arduino-1.0.1-windows/arduino-1.0.1/hardware/tools/avr/bin/../lib/gcc/avr/4.3.2/../../../../avr/lib\libcore.a(WString.cpp.o)
String::changeBuffer(unsigned int)                e:/d_backup/tech/arduino-1.0.1-windows/arduino-1.0.1/hardware/tools/avr/bin/../lib/gcc/avr/4.3.2/../../../../avr/lib\libcore.a(WString.cpp.o)
String::charAt(unsigned int) const                e:/d_backup/tech/arduino-1.0.1-windows/arduino-1.0.1/hardware/tools/avr/bin/../lib/gcc/avr/4.3.2/../../../../avr/lib\libcore.a(WString.cpp.o)
String::compareTo(String const&) const            e:/d_backup/tech/arduino-1.0.1-windows/arduino-1.0.1/hardware/tools/avr/bin/../lib/gcc/avr/4.3.2/../../../../avr/lib\libcore.a(WString.cpp.o)
String::concat(String const&)                     e:/d_backup/tech/arduino-1.0.1-windows/arduino-1.0.1/hardware/tools/avr/bin/../lib/gcc/avr/4.3.2/../../../../avr/lib\libcore.a(WString.cpp.o)
String::concat(char const*)                       e:/d_backup/tech/arduino-1.0.1-windows/arduino-1.0.1/hardware/tools/avr/bin/../lib/gcc/avr/4.3.2/../../../../avr/lib\libcore.a(WString.cpp.o)
String::concat(char const*, unsigned int)         e:/d_backup/tech/arduino-1.0.1-windows/arduino-1.0.1/hardware/tools/avr/bin/../lib/gcc/avr/4.3.2/../../../../avr/lib\libcore.a(WString.cpp.o)
String::concat(char)                              e:/d_backup/tech/arduino-1.0.1-windows/arduino-1.0.1/hardware/tools/avr/bin/../lib/gcc/avr/4.3.2/../../../../avr/lib\libcore.a(WString.cpp.o)
                                                  e:/d_backup/tech/arduino-1.0.1-windows/arduino-1.0.1/hardware/tools/avr/bin/../lib/gcc/avr/4.3.2/../../../../avr/lib\libcore.a(Stream.cpp.o)
String::concat(int)                               e:/d_backup/tech/arduino-1.0.1-windows/arduino-1.0.1/hardware/tools/avr/bin/../lib/gcc/avr/4.3.2/../../../../avr/lib\libcore.a(WString.cpp.o)
String::concat(long)                              e:/d_backup/tech/arduino-1.0.1-windows/arduino-1.0.1/hardware/tools/avr/bin/../lib/gcc/avr/4.3.2/../../../../avr/lib\libcore.a(WString.cpp.o)
String::concat(unsigned char)                     e:/d_backup/tech/arduino-1.0.1-windows/arduino-1.0.1/hardware/tools/avr/bin/../lib/gcc/avr/4.3.2/../../../../avr/lib\libcore.a(WString.cpp.o)
String::concat(unsigned int)                      e:/d_backup/tech/arduino-1.0.1-windows/arduino-1.0.1/hardware/tools/avr/bin/../lib/gcc/avr/4.3.2/../../../../avr/lib\libcore.a(WString.cpp.o)
String::concat(unsigned long)                     e:/d_backup/tech/arduino-1.0.1-windows/arduino-1.0.1/hardware/tools/avr/bin/../lib/gcc/avr/4.3.2/../../../../avr/lib\libcore.a(WString.cpp.o)
String::copy(char const*, unsigned int)           e:/d_backup/tech/arduino-1.0.1-windows/arduino-1.0.1/hardware/tools/avr/bin/../lib/gcc/avr/4.3.2/../../../../avr/lib\libcore.a(WString.cpp.o)
String::endsWith(String const&) const             e:/d_backup/tech/arduino-1.0.1-windows/arduino-1.0.1/hardware/tools/avr/bin/../lib/gcc/avr/4.3.2/../../../../avr/lib\libcore.a(WString.cpp.o)
String::equals(String const&) const               e:/d_backup/tech/arduino-1.0.1-windows/arduino-1.0.1/hardware/tools/avr/bin/../lib/gcc/avr/4.3.2/../../../../avr/lib\libcore.a(WString.cpp.o)
String::equals(char const*) const                 e:/d_backup/tech/arduino-1.0.1-windows/arduino-1.0.1/hardware/tools/avr/bin/../lib/gcc/avr/4.3.2/../../../../avr/lib\libcore.a(WString.cpp.o)
String::equalsIgnoreCase(String const&) const     e:/d_backup/tech/arduino-1.0.1-windows/arduino-1.0.1/hardware/tools/avr/bin/../lib/gcc/avr/4.3.2/../../../../avr/lib\libcore.a(WString.cpp.o)
String::getBytes(unsigned char*, unsigned int, unsigned int) const e:/d_backup/tech/arduino-1.0.1-windows/arduino-1.0.1/hardware/tools/avr/bin/../lib/gcc/avr/4.3.2/../../../../avr/lib\libcore.a(WString.cpp.o)
String::indexOf(String const&) const              e:/d_backup/tech/arduino-1.0.1-windows/arduino-1.0.1/hardware/tools/avr/bin/../lib/gcc/avr/4.3.2/../../../../avr/lib\libcore.a(WString.cpp.o)
String::indexOf(String const&, unsigned int) const e:/d_backup/tech/arduino-1.0.1-windows/arduino-1.0.1/hardware/tools/avr/bin/../lib/gcc/avr/4.3.2/../../../../avr/lib\libcore.a(WString.cpp.o)
String::indexOf(char) const                       e:/d_backup/tech/arduino-1.0.1-windows/arduino-1.0.1/hardware/tools/avr/bin/../lib/gcc/avr/4.3.2/../../../../avr/lib\libcore.a(WString.cpp.o)
String::indexOf(char, unsigned int) const         e:/d_backup/tech/arduino-1.0.1-windows/arduino-1.0.1/hardware/tools/avr/bin/../lib/gcc/avr/4.3.2/../../../../avr/lib\libcore.a(WString.cpp.o)
String::invalidate()                              e:/d_backup/tech/arduino-1.0.1-windows/arduino-1.0.1/hardware/tools/avr/bin/../lib/gcc/avr/4.3.2/../../../../avr/lib\libcore.a(WString.cpp.o)
String::lastIndexOf(String const&) const          e:/d_backup/tech/arduino-1.0.1-windows/arduino-1.0.1/hardware/tools/avr/bin/../lib/gcc/avr/4.3.2/../../../../avr/lib\libcore.a(WString.cpp.o)
String::lastIndexOf(String const&, unsigned int) const e:/d_backup/tech/arduino-1.0.1-windows/arduino-1.0.1/hardware/tools/avr/bin/../lib/gcc/avr/4.3.2/../../../../avr/lib\libcore.a(WString.cpp.o)
String::lastIndexOf(char) const                   e:/d_backup/tech/arduino-1.0.1-windows/arduino-1.0.1/hardware/tools/avr/bin/../lib/gcc/avr/4.3.2/../../../../avr/lib\libcore.a(WString.cpp.o)
String::lastIndexOf(char, unsigned int) const     e:/d_backup/tech/arduino-1.0.1-windows/arduino-1.0.1/hardware/tools/avr/bin/../lib/gcc/avr/4.3.2/../../../../avr/lib\libcore.a(WString.cpp.o)
String::operator<(String const&) const            e:/d_backup/tech/arduino-1.0.1-windows/arduino-1.0.1/hardware/tools/avr/bin/../lib/gcc/avr/4.3.2/../../../../avr/lib\libcore.a(WString.cpp.o)
String::operator<=(String const&) const           e:/d_backup/tech/arduino-1.0.1-windows/arduino-1.0.1/hardware/tools/avr/bin/../lib/gcc/avr/4.3.2/../../../../avr/lib\libcore.a(WString.cpp.o)
String::operator=(String const&)                  e:/d_backup/tech/arduino-1.0.1-windows/arduino-1.0.1/hardware/tools/avr/bin/../lib/gcc/avr/4.3.2/../../../../avr/lib\libcore.a(WString.cpp.o)
String::operator=(char const*)                    e:/d_backup/tech/arduino-1.0.1-windows/arduino-1.0.1/hardware/tools/avr/bin/../lib/gcc/avr/4.3.2/../../../../avr/lib\libcore.a(WString.cpp.o)
String::operator>(String const&) const            e:/d_backup/tech/arduino-1.0.1-windows/arduino-1.0.1/hardware/tools/avr/bin/../lib/gcc/avr/4.3.2/../../../../avr/lib\libcore.a(WString.cpp.o)
String::operator>=(String const&) const           e:/d_backup/tech/arduino-1.0.1-windows/arduino-1.0.1/hardware/tools/avr/bin/../lib/gcc/avr/4.3.2/../../../../avr/lib\libcore.a(WString.cpp.o)
String::operator[](unsigned int)                  e:/d_backup/tech/arduino-1.0.1-windows/arduino-1.0.1/hardware/tools/avr/bin/../lib/gcc/avr/4.3.2/../../../../avr/lib\libcore.a(WString.cpp.o)
String::operator[](unsigned int) const            e:/d_backup/tech/arduino-1.0.1-windows/arduino-1.0.1/hardware/tools/avr/bin/../lib/gcc/avr/4.3.2/../../../../avr/lib\libcore.a(WString.cpp.o)
                                                  e:/d_backup/tech/arduino-1.0.1-windows/arduino-1.0.1/hardware/tools/avr/bin/../lib/gcc/avr/4.3.2/../../../../avr/lib\libcore.a(Print.cpp.o)
String::replace(String const&, String const&)     e:/d_backup/tech/arduino-1.0.1-windows/arduino-1.0.1/hardware/tools/avr/bin/../lib/gcc/avr/4.3.2/../../../../avr/lib\libcore.a(WString.cpp.o)
String::replace(char, char)                       e:/d_backup/tech/arduino-1.0.1-windows/arduino-1.0.1/hardware/tools/avr/bin/../lib/gcc/avr/4.3.2/../../../../avr/lib\libcore.a(WString.cpp.o)
String::reserve(unsigned int)                     e:/d_backup/tech/arduino-1.0.1-windows/arduino-1.0.1/hardware/tools/avr/bin/../lib/gcc/avr/4.3.2/../../../../avr/lib\libcore.a(WString.cpp.o)
String::setCharAt(unsigned int, char)             e:/d_backup/tech/arduino-1.0.1-windows/arduino-1.0.1/hardware/tools/avr/bin/../lib/gcc/avr/4.3.2/../../../../avr/lib\libcore.a(WString.cpp.o)
String::startsWith(String const&) const           e:/d_backup/tech/arduino-1.0.1-windows/arduino-1.0.1/hardware/tools/avr/bin/../lib/gcc/avr/4.3.2/../../../../avr/lib\libcore.a(WString.cpp.o)
String::startsWith(String const&, unsigned int) const e:/d_backup/tech/arduino-1.0.1-windows/arduino-1.0.1/hardware/tools/avr/bin/../lib/gcc/avr/4.3.2/../../../../avr/lib\libcore.a(WString.cpp.o)
String::substring(unsigned int) const             e:/d_backup/tech/arduino-1.0.1-windows/arduino-1.0.1/hardware/tools/avr/bin/../lib/gcc/avr/4.3.2/../../../../avr/lib\libcore.a(WString.cpp.o)
String::substring(unsigned int, unsigned int) const e:/d_backup/tech/arduino-1.0.1-windows/arduino-1.0.1/hardware/tools/avr/bin/../lib/gcc/avr/4.3.2/../../../../avr/lib\libcore.a(WString.cpp.o)
String::toInt() const                             e:/d_backup/tech/arduino-1.0.1-windows/arduino-1.0.1/hardware/tools/avr/bin/../lib/gcc/avr/4.3.2/../../../../avr/lib\libcore.a(WString.cpp.o)
String::toLowerCase()                             e:/d_backup/tech/arduino-1.0.1-windows/arduino-1.0.1/hardware/tools/avr/bin/../lib/gcc/avr/4.3.2/../../../../avr/lib\libcore.a(WString.cpp.o)
String::toUpperCase()                             e:/d_backup/tech/arduino-1.0.1-windows/arduino-1.0.1/hardware/tools/avr/bin/../lib/gcc/avr/4.3.2/../../../../avr/lib\libcore.a(WString.cpp.o)
String::trim()                                    e:/d_backup/tech/arduino-1.0.1-windows/arduino-1.0.1/hardware/tools/avr/bin/../lib/gcc/avr/4.3.2/../../../../avr/lib\libcore.a(WString.cpp.o)
String::~String()                                 e:/d_backup/tech/arduino-1.0.1-windows/arduino-1.0.1/hardware/tools/avr/bin/../lib/gcc/avr/4.3.2/../../../../avr/lib\libcore.a(WString.cpp.o)
String::~String()                                 e:/d_backup/tech/arduino-1.0.1-windows/arduino-1.0.1/hardware/tools/avr/bin/../lib/gcc/avr/4.3.2/../../../../avr/lib\libcore.a(WString.cpp.o)
__addsf3                                          e:/d_backup/tech/arduino-1.0.1-windows/arduino-1.0.1/hardware/tools/avr/bin/../lib/gcc/avr/4.3.2/../../../../avr/lib/avr6\libc.a(addsf3.o)
                                                  e:/d_backup/tech/arduino-1.0.1-windows/arduino-1.0.1/hardware/tools/avr/bin/../lib/gcc/avr/4.3.2/../../../../avr/lib\libcore.a(Print.cpp.o)
                                                  ./FuzzySystem/FuzzySystem.o
                                                  ./Fuzzy_Set/FuzzySet.o
__addsf3x                                         e:/d_backup/tech/arduino-1.0.1-windows/arduino-1.0.1/hardware/tools/avr/bin/../lib/gcc/avr/4.3.2/../../../../avr/lib/avr6\libc.a(addsf3x.o)
                                                  e:/d_backup/tech/arduino-1.0.1-windows/arduino-1.0.1/hardware/tools/avr/bin/../lib/gcc/avr/4.3.2/../../../../avr/lib/avr6\libc.a(addsf3.o)
__bad_interrupt                                   e:/d_backup/tech/arduino-1.0.1-windows/arduino-1.0.1/hardware/tools/avr/bin/../lib/gcc/avr/4.3.2/../../../../avr/lib/avr6/crtm2560.o
__brkval                                          e:/d_backup/tech/arduino-1.0.1-windows/arduino-1.0.1/hardware/tools/avr/bin/../lib/gcc/avr/4.3.2/../../../../avr/lib/avr6\libc.a(realloc.o)
                                                  e:/d_backup/tech/arduino-1.0.1-windows/arduino-1.0.1/hardware/tools/avr/bin/../lib/gcc/avr/4.3.2/../../../../avr/lib/avr6\libc.a(malloc.o)
__bss_end                                         e:/d_backup/tech/arduino-1.0.1-windows/arduino-1.0.1/hardware/tools/avr/bin/../lib/gcc/avr/4.3.2/avr6\libgcc.a(_clear_bss.o)
__bss_start                                       e:/d_backup/tech/arduino-1.0.1-windows/arduino-1.0.1/hardware/tools/avr/bin/../lib/gcc/avr/4.3.2/avr6\libgcc.a(_clear_bss.o)
__cmpsf2                                          e:/d_backup/tech/arduino-1.0.1-windows/arduino-1.0.1/hardware/tools/avr/bin/../lib/gcc/avr/4.3.2/../../../../avr/lib/avr6\libc.a(cmpsf2.o)
__ctors_end                                       e:/d_backup/tech/arduino-1.0.1-windows/arduino-1.0.1/hardware/tools/avr/bin/../lib/gcc/avr/4.3.2/avr6\libgcc.a(_ctors.o)
__ctors_start                                     e:/d_backup/tech/arduino-1.0.1-windows/arduino-1.0.1/hardware/tools/avr/bin/../lib/gcc/avr/4.3.2/avr6\libgcc.a(_ctors.o)
__ctype_isfalse                                   e:/d_backup/tech/arduino-1.0.1-windows/arduino-1.0.1/hardware/tools/avr/bin/../lib/gcc/avr/4.3.2/../../../../avr/lib/avr6\libc.a(cty_isfalse.o)
                                                  e:/d_backup/tech/arduino-1.0.1-windows/arduino-1.0.1/hardware/tools/avr/bin/../lib/gcc/avr/4.3.2/../../../../avr/lib/avr6\libc.a(isspace.o)
__ctype_istrue                                    e:/d_backup/tech/arduino-1.0.1-windows/arduino-1.0.1/hardware/tools/avr/bin/../lib/gcc/avr/4.3.2/../../../../avr/lib/avr6\libc.a(cty_isfalse.o)
__cxa_guard_abort                                 e:/d_backup/tech/arduino-1.0.1-windows/arduino-1.0.1/hardware/tools/avr/bin/../lib/gcc/avr/4.3.2/../../../../avr/lib\libcore.a(new.cpp.o)
__cxa_guard_acquire                               e:/d_backup/tech/arduino-1.0.1-windows/arduino-1.0.1/hardware/tools/avr/bin/../lib/gcc/avr/4.3.2/../../../../avr/lib\libcore.a(new.cpp.o)
__cxa_guard_release                               e:/d_backup/tech/arduino-1.0.1-windows/arduino-1.0.1/hardware/tools/avr/bin/../lib/gcc/avr/4.3.2/../../../../avr/lib\libcore.a(new.cpp.o)
__cxa_pure_virtual                                e:/d_backup/tech/arduino-1.0.1-windows/arduino-1.0.1/hardware/tools/avr/bin/../lib/gcc/avr/4.3.2/../../../../avr/lib\libcore.a(new.cpp.o)
                                                  e:/d_backup/tech/arduino-1.0.1-windows/arduino-1.0.1/hardware/tools/avr/bin/../lib/gcc/avr/4.3.2/../../../../avr/lib\libcore.a(Print.cpp.o)
                                                  e:/d_backup/tech/arduino-1.0.1-windows/arduino-1.0.1/hardware/tools/avr/bin/../lib/gcc/avr/4.3.2/../../../../avr/lib\libcore.a(HardwareSerial.cpp.o)
__data_end                                        e:/d_backup/tech/arduino-1.0.1-windows/arduino-1.0.1/hardware/tools/avr/bin/../lib/gcc/avr/4.3.2/../../../../avr/lib/avr6/crtm2560.o
__data_load_start                                 e:/d_backup/tech/arduino-1.0.1-windows/arduino-1.0.1/hardware/tools/avr/bin/../lib/gcc/avr/4.3.2/../../../../avr/lib/avr6/crtm2560.o
__data_start                                      e:/d_backup/tech/arduino-1.0.1-windows/arduino-1.0.1/hardware/tools/avr/bin/../lib/gcc/avr/4.3.2/../../../../avr/lib/avr6/crtm2560.o
__divsf3                                          e:/d_backup/tech/arduino-1.0.1-windows/arduino-1.0.1/hardware/tools/avr/bin/../lib/gcc/avr/4.3.2/../../../../avr/lib/avr6\libc.a(divsf3.o)
                                                  e:/d_backup/tech/arduino-1.0.1-windows/arduino-1.0.1/hardware/tools/avr/bin/../lib/gcc/avr/4.3.2/../../../../avr/lib\libcore.a(Print.cpp.o)
                                                  ./FuzzySystem/FuzzySystem.o
                                                  ./Fuzzy_Set/FuzzySet.o
                                                  ./main.o
__divsf3_pse                                      e:/d_backup/tech/arduino-1.0.1-windows/arduino-1.0.1/hardware/tools/avr/bin/../lib/gcc/avr/4.3.2/../../../../avr/lib/avr6\libc.a(divsf3x.o)
__divsf3x                                         e:/d_backup/tech/arduino-1.0.1-windows/arduino-1.0.1/hardware/tools/avr/bin/../lib/gcc/avr/4.3.2/../../../../avr/lib/avr6\libc.a(divsf3x.o)
                                                  e:/d_backup/tech/arduino-1.0.1-windows/arduino-1.0.1/hardware/tools/avr/bin/../lib/gcc/avr/4.3.2/../../../../avr/lib/avr6\libc.a(divsf3.o)
__do_clear_bss                                    e:/d_backup/tech/arduino-1.0.1-windows/arduino-1.0.1/hardware/tools/avr/bin/../lib/gcc/avr/4.3.2/avr6\libgcc.a(_clear_bss.o)
                                                  e:/d_backup/tech/arduino-1.0.1-windows/arduino-1.0.1/hardware/tools/avr/bin/../lib/gcc/avr/4.3.2/../../../../avr/lib/avr6\libc.a(realloc.o)
                                                  e:/d_backup/tech/arduino-1.0.1-windows/arduino-1.0.1/hardware/tools/avr/bin/../lib/gcc/avr/4.3.2/../../../../avr/lib/avr6\libc.a(malloc.o)
                                                  e:/d_backup/tech/arduino-1.0.1-windows/arduino-1.0.1/hardware/tools/avr/bin/../lib/gcc/avr/4.3.2/../../../../avr/lib\libcore.a(WString.cpp.o)
                                                  e:/d_backup/tech/arduino-1.0.1-windows/arduino-1.0.1/hardware/tools/avr/bin/../lib/gcc/avr/4.3.2/../../../../avr/lib\libcore.a(Stream.cpp.o)
                                                  e:/d_backup/tech/arduino-1.0.1-windows/arduino-1.0.1/hardware/tools/avr/bin/../lib/gcc/avr/4.3.2/../../../../avr/lib\libcore.a(Print.cpp.o)
                                                  e:/d_backup/tech/arduino-1.0.1-windows/arduino-1.0.1/hardware/tools/avr/bin/../lib/gcc/avr/4.3.2/../../../../avr/lib\libcore.a(new.cpp.o)
                                                  e:/d_backup/tech/arduino-1.0.1-windows/arduino-1.0.1/hardware/tools/avr/bin/../lib/gcc/avr/4.3.2/../../../../avr/lib\libcore.a(HardwareSerial.cpp.o)
                                                  e:/d_backup/tech/arduino-1.0.1-windows/arduino-1.0.1/hardware/tools/avr/bin/../lib/gcc/avr/4.3.2/../../../../avr/lib\libcore.a(wiring_pulse.c.o)
                                                  e:/d_backup/tech/arduino-1.0.1-windows/arduino-1.0.1/hardware/tools/avr/bin/../lib/gcc/avr/4.3.2/../../../../avr/lib\libcore.a(wiring_digital.c.o)
                                                  e:/d_backup/tech/arduino-1.0.1-windows/arduino-1.0.1/hardware/tools/avr/bin/../lib/gcc/avr/4.3.2/../../../../avr/lib\libcore.a(wiring_analog.c.o)